c:\__c__\___file\_code\c++\sfml 主測試 0122\x64\debug\sfml 主測試 0122.exe
c:\__c__\___file\_code\c++\sfml 主測試 0122\x64\debug\sfml 主測試 0122.pdb
c:\__c__\___file\_code\c++\sfml 主測試 0122\sfml 主測試 0122\x64\debug\icon.res
c:\__c__\___file\_code\c++\sfml 主測試 0122\x64\debug\sfml-graphics-d-2.dll
c:\__c__\___file\_code\c++\sfml 主測試 0122\x64\debug\sfml-window-d-2.dll
c:\__c__\___file\_code\c++\sfml 主測試 0122\x64\debug\sfml-system-d-2.dll
c:\__c__\___file\_code\c++\sfml 主測試 0122\x64\debug\freetyped.dll
c:\__c__\___file\_code\c++\sfml 主測試 0122\x64\debug\zlibd1.dll
c:\__c__\___file\_code\c++\sfml 主測試 0122\x64\debug\bz2d.dll
c:\__c__\___file\_code\c++\sfml 主測試 0122\x64\debug\libpng16d.dll
c:\__c__\___file\_code\c++\sfml 主測試 0122\x64\debug\brotlidec.dll
c:\__c__\___file\_code\c++\sfml 主測試 0122\x64\debug\brotlicommon.dll
c:\__c__\___file\_code\c++\sfml 主測試 0122\sfml 主測試 0122\x64\debug\sfml 主測試 0122.ilk
c:\__c__\___file\_code\c++\sfml 主測試 0122\sfml 主測試 0122\x64\debug\vc143.idb
c:\__c__\___file\_code\c++\sfml 主測試 0122\sfml 主測試 0122\x64\debug\vc143.pdb
c:\__c__\___file\_code\c++\sfml 主測試 0122\sfml 主測試 0122\x64\debug\sfml 主測試 0122.tlog\cl.command.1.tlog
c:\__c__\___file\_code\c++\sfml 主測試 0122\sfml 主測試 0122\x64\debug\sfml 主測試 0122.tlog\cl.items.tlog
c:\__c__\___file\_code\c++\sfml 主測試 0122\sfml 主測試 0122\x64\debug\sfml 主測試 0122.tlog\link.command.1.tlog
c:\__c__\___file\_code\c++\sfml 主測試 0122\sfml 主測試 0122\x64\debug\sfml 主測試 0122.tlog\link.read.1.tlog
c:\__c__\___file\_code\c++\sfml 主測試 0122\sfml 主測試 0122\x64\debug\sfml 主測試 0122.tlog\link.secondary.1.tlog
c:\__c__\___file\_code\c++\sfml 主測試 0122\sfml 主測試 0122\x64\debug\sfml 主測試 0122.tlog\link.write.1.tlog
c:\__c__\___file\_code\c++\sfml 主測試 0122\sfml 主測試 0122\x64\debug\sfml 主測試 0122.tlog\rc.command.1.tlog
c:\__c__\___file\_code\c++\sfml 主測試 0122\sfml 主測試 0122\x64\debug\sfml 主測試 0122.tlog\rc.read.1.tlog
c:\__c__\___file\_code\c++\sfml 主測試 0122\sfml 主測試 0122\x64\debug\sfml 主測試 0122.tlog\rc.write.1.tlog
c:\__c__\___file\_code\c++\sfml 主測試 0122\sfml 主測試 0122\x64\debug\sfml 主測試 0122.tlog\sfml 主測試 0122.write.1u.tlog
