Flow report for week3p
Tue Mar 11 17:19:26 2025
Quartus Prime Version 20.1.0 Build 711 06/05/2020 SJ Lite Edition


---------------------
; Table of Contents ;
---------------------
  1. Legal Notice
  2. Flow Summary
  3. Flow Settings
  4. Flow Non-Default Global Settings
  5. Flow Elapsed Time
  6. Flow OS Summary
  7. Flow Log
  8. Flow Messages
  9. Flow Suppressed Messages



----------------
; Legal Notice ;
----------------
Copyright (C) 2020  Intel Corporation. All rights reserved.
Your use of Intel Corporation's design tools, logic functions 
and other software and tools, and any partner logic 
functions, and any output files from any of the foregoing 
(including device programming or simulation files), and any 
associated documentation or information are expressly subject 
to the terms and conditions of the Intel Program License 
Subscription Agreement, the Intel Quartus Prime License Agreement,
the Intel FPGA IP License Agreement, or other applicable license
agreement, including, without limitation, that your use is for
the sole purpose of programming logic devices manufactured by
Intel and sold by Intel or its authorized distributors.  Please
refer to the applicable agreement for further details, at
https://fpgasoftware.intel.com/eula.



+----------------------------------------------------------------------------------------+
; Flow Summary                                                                           ;
+---------------------------------+------------------------------------------------------+
; Flow Status                     ; EDA Netlist Writer Failed - Tue Mar 11 17:19:26 2025 ;
; Quartus Prime Version           ; 20.1.0 Build 711 06/05/2020 SJ Lite Edition          ;
; Revision Name                   ; week3p                                               ;
; Top-level Entity Name           ; week3p_main_block                                    ;
; Family                          ; Cyclone V                                            ;
; Device                          ; 5CEBA4F23C7                                          ;
; Timing Models                   ; Final                                                ;
; Logic utilization (in ALMs)     ; 2 / 18,480 ( < 1 % )                                 ;
; Total registers                 ; 0                                                    ;
; Total pins                      ; 5 / 224 ( 2 % )                                      ;
; Total virtual pins              ; 0                                                    ;
; Total block memory bits         ; 0 / 3,153,920 ( 0 % )                                ;
; Total DSP Blocks                ; 0 / 66 ( 0 % )                                       ;
; Total HSSI RX PCSs              ; 0                                                    ;
; Total HSSI PMA RX Deserializers ; 0                                                    ;
; Total HSSI TX PCSs              ; 0                                                    ;
; Total HSSI PMA TX Serializers   ; 0                                                    ;
; Total PLLs                      ; 0 / 4 ( 0 % )                                        ;
; Total DLLs                      ; 0 / 4 ( 0 % )                                        ;
+---------------------------------+------------------------------------------------------+


+-----------------------------------------+
; Flow Settings                           ;
+-------------------+---------------------+
; Option            ; Setting             ;
+-------------------+---------------------+
; Start date & time ; 03/11/2025 16:25:32 ;
; Main task         ; Compilation         ;
; Revision Name     ; week3p              ;
+-------------------+---------------------+


+-------------------------------------------------------------------------------------------------------------------------------+
; Flow Non-Default Global Settings                                                                                              ;
+-------------------------------------+----------------------------------------+---------------+-------------------+------------+
; Assignment Name                     ; Value                                  ; Default Value ; Entity Name       ; Section Id ;
+-------------------------------------+----------------------------------------+---------------+-------------------+------------+
; COMPILER_SIGNATURE_ID               ; 2542790016427.174168153209676          ; --            ; --                ; --         ;
; MAX_CORE_JUNCTION_TEMP              ; 85                                     ; --            ; --                ; --         ;
; MIN_CORE_JUNCTION_TEMP              ; 0                                      ; --            ; --                ; --         ;
; PARTITION_COLOR                     ; -- (Not supported for targeted family) ; --            ; week3p_main_block ; Top        ;
; PARTITION_FITTER_PRESERVATION_LEVEL ; -- (Not supported for targeted family) ; --            ; week3p_main_block ; Top        ;
; PARTITION_NETLIST_TYPE              ; -- (Not supported for targeted family) ; --            ; week3p_main_block ; Top        ;
; PROJECT_OUTPUT_DIRECTORY            ; output_files                           ; --            ; --                ; --         ;
; TOP_LEVEL_ENTITY                    ; week3p_main_block                      ; week3p        ; --                ; --         ;
+-------------------------------------+----------------------------------------+---------------+-------------------+------------+


+--------------------------------------------------------------------------------------------------------------------------+
; Flow Elapsed Time                                                                                                        ;
+----------------------+--------------+-------------------------+---------------------+------------------------------------+
; Module Name          ; Elapsed Time ; Average Processors Used ; Peak Virtual Memory ; Total CPU Time (on all processors) ;
+----------------------+--------------+-------------------------+---------------------+------------------------------------+
; Analysis & Synthesis ; 00:00:06     ; 1.0                     ; 4842 MB             ; 00:00:13                           ;
; Fitter               ; 00:00:15     ; 1.0                     ; 7000 MB             ; 00:01:02                           ;
; Assembler            ; 00:00:03     ; 1.0                     ; 4827 MB             ; 00:00:02                           ;
; Timing Analyzer      ; 00:00:04     ; 1.1                     ; 5173 MB             ; 00:00:03                           ;
; Analysis & Synthesis ; 00:00:07     ; 1.0                     ; 4845 MB             ; 00:00:13                           ;
; Fitter               ; 00:00:15     ; 1.0                     ; 7002 MB             ; 00:01:02                           ;
; Assembler            ; 00:00:03     ; 1.0                     ; 4829 MB             ; 00:00:02                           ;
; Timing Analyzer      ; 00:00:03     ; 1.1                     ; 5159 MB             ; 00:00:03                           ;
; EDA Netlist Writer   ; 00:00:00     ; 1.0                     ; 4714 MB             ; 00:00:01                           ;
; EDA Netlist Writer   ; 00:00:00     ; 1.0                     ; 4714 MB             ; 00:00:01                           ;
; EDA Netlist Writer   ; 00:00:00     ; 1.0                     ; 4714 MB             ; 00:00:01                           ;
; EDA Netlist Writer   ; 00:00:00     ; 1.0                     ; 4714 MB             ; 00:00:01                           ;
; EDA Netlist Writer   ; 00:00:01     ; 1.0                     ; 4714 MB             ; 00:00:01                           ;
; EDA Netlist Writer   ; 00:00:00     ; 1.0                     ; 4714 MB             ; 00:00:01                           ;
; EDA Netlist Writer   ; 00:00:01     ; 1.0                     ; 4714 MB             ; 00:00:01                           ;
; EDA Netlist Writer   ; 00:00:01     ; 1.0                     ; 4714 MB             ; 00:00:01                           ;
; EDA Netlist Writer   ; 00:00:01     ; 1.0                     ; 4714 MB             ; 00:00:01                           ;
; EDA Netlist Writer   ; 00:00:01     ; 1.0                     ; 4714 MB             ; 00:00:01                           ;
; EDA Netlist Writer   ; 00:00:01     ; 1.0                     ; 4714 MB             ; 00:00:01                           ;
; EDA Netlist Writer   ; 00:00:01     ; 1.0                     ; 4714 MB             ; 00:00:01                           ;
; EDA Netlist Writer   ; 00:00:01     ; 1.0                     ; 4714 MB             ; 00:00:01                           ;
; Total                ; 00:01:04     ; --                      ; --                  ; 00:02:53                           ;
+----------------------+--------------+-------------------------+---------------------+------------------------------------+


+------------------------------------------------------------------------------------+
; Flow OS Summary                                                                    ;
+----------------------+------------------+------------+------------+----------------+
; Module Name          ; Machine Hostname ; OS Name    ; OS Version ; Processor type ;
+----------------------+------------------+------------+------------+----------------+
; Analysis & Synthesis ; MSI              ; Windows 10 ; 10.0       ; x86_64         ;
; Fitter               ; MSI              ; Windows 10 ; 10.0       ; x86_64         ;
; Assembler            ; MSI              ; Windows 10 ; 10.0       ; x86_64         ;
; Timing Analyzer      ; MSI              ; Windows 10 ; 10.0       ; x86_64         ;
; Analysis & Synthesis ; MSI              ; Windows 10 ; 10.0       ; x86_64         ;
; Fitter               ; MSI              ; Windows 10 ; 10.0       ; x86_64         ;
; Assembler            ; MSI              ; Windows 10 ; 10.0       ; x86_64         ;
; Timing Analyzer      ; MSI              ; Windows 10 ; 10.0       ; x86_64         ;
; EDA Netlist Writer   ; MSI              ; Windows 10 ; 10.0       ; x86_64         ;
; EDA Netlist Writer   ; MSI              ; Windows 10 ; 10.0       ; x86_64         ;
; EDA Netlist Writer   ; MSI              ; Windows 10 ; 10.0       ; x86_64         ;
; EDA Netlist Writer   ; MSI              ; Windows 10 ; 10.0       ; x86_64         ;
; EDA Netlist Writer   ; MSI              ; Windows 10 ; 10.0       ; x86_64         ;
; EDA Netlist Writer   ; MSI              ; Windows 10 ; 10.0       ; x86_64         ;
; EDA Netlist Writer   ; MSI              ; Windows 10 ; 10.0       ; x86_64         ;
; EDA Netlist Writer   ; MSI              ; Windows 10 ; 10.0       ; x86_64         ;
; EDA Netlist Writer   ; MSI              ; Windows 10 ; 10.0       ; x86_64         ;
; EDA Netlist Writer   ; MSI              ; Windows 10 ; 10.0       ; x86_64         ;
; EDA Netlist Writer   ; MSI              ; Windows 10 ; 10.0       ; x86_64         ;
; EDA Netlist Writer   ; MSI              ; Windows 10 ; 10.0       ; x86_64         ;
; EDA Netlist Writer   ; MSI              ; Windows 10 ; 10.0       ; x86_64         ;
+----------------------+------------------+------------+------------+----------------+


------------
; Flow Log ;
------------
quartus_map --read_settings_files=on --write_settings_files=off week3p -c week3p
quartus_fit --read_settings_files=off --write_settings_files=off week3p -c week3p
quartus_asm --read_settings_files=off --write_settings_files=off week3p -c week3p
quartus_sta week3p -c week3p
quartus_map --read_settings_files=on --write_settings_files=off week3p -c week3p
quartus_fit --read_settings_files=off --write_settings_files=off week3p -c week3p
quartus_asm --read_settings_files=off --write_settings_files=off week3p -c week3p
quartus_sta week3p -c week3p
quartus_eda --gen_testbench --tool=modelsim_oem --format=verilog --write_settings_files=off week3p -c week3p --vector_source=C:/Users/user/Desktop/TEMP/Quartus_File/week3/output_files/Waveform.vwf --testbench_file=C:/Users/user/Desktop/TEMP/Quartus_File/week3/simulation/qsim/output_files/Waveform.vwf.vt
quartus_eda --gen_testbench --tool=modelsim_oem --format=verilog --write_settings_files=off week3p -c week3p --vector_source=C:/Users/user/Desktop/TEMP/Quartus_File/week3/output_files/Waveform.vwf --testbench_file=C:/Users/user/Desktop/TEMP/Quartus_File/week3/simulation/qsim/output_files/Waveform.vwf.vt
quartus_eda --gen_testbench --tool=modelsim_oem --format=verilog --write_settings_files=off week3p -c week3p --vector_source=C:/Users/user/Desktop/TEMP/Quartus_File/week3/output_files/Waveform.vwf --testbench_file=C:/Users/user/Desktop/TEMP/Quartus_File/week3/simulation/qsim/output_files/Waveform.vwf.vt
quartus_eda --gen_testbench --tool=modelsim_oem --format=verilog --write_settings_files=off week3p -c week3p --vector_source=C:/Users/user/Desktop/TEMP/Quartus_File/week3/output_files/Waveform.vwf --testbench_file=C:/Users/user/Desktop/TEMP/Quartus_File/week3/simulation/qsim/output_files/Waveform.vwf.vt
quartus_eda --gen_testbench --tool=modelsim_oem --format=verilog --write_settings_files=off week3p -c week3p --vector_source=C:/Users/user/Desktop/TEMP/Quartus_File/week3/output_files/Waveform.vwf --testbench_file=C:/Users/user/Desktop/TEMP/Quartus_File/week3/simulation/qsim/output_files/Waveform.vwf.vt
quartus_eda --gen_testbench --tool=modelsim_oem --format=verilog --write_settings_files=off week3p -c week3p --vector_source=C:/Users/user/Desktop/TEMP/Quartus_File/week3/output_files/Waveform.vwf --testbench_file=C:/Users/user/Desktop/TEMP/Quartus_File/week3/simulation/qsim/output_files/Waveform.vwf.vt
quartus_eda --gen_testbench --tool=modelsim_oem --format=verilog --write_settings_files=off week3p -c week3p --vector_source=C:/Users/user/Desktop/TEMP/Quartus_File/week3/output_files/Waveform.vwf --testbench_file=C:/Users/user/Desktop/TEMP/Quartus_File/week3/simulation/qsim/output_files/Waveform.vwf.vt
quartus_eda --gen_testbench --tool=modelsim_oem --format=verilog --write_settings_files=off week3p -c week3p --vector_source=C:/Users/user/Desktop/TEMP/Quartus_File/week3/output_files/Waveform1.vwf --testbench_file=C:/Users/user/Desktop/TEMP/Quartus_File/week3/simulation/qsim/output_files/Waveform1.vwf.vt
quartus_eda --gen_testbench --tool=modelsim_oem --format=verilog --write_settings_files=off week3p -c week3p --vector_source=C:/Users/user/Desktop/TEMP/Quartus_File/week3/output_files/Waveform1.vwf --testbench_file=C:/Users/user/Desktop/TEMP/Quartus_File/week3/simulation/qsim/output_files/Waveform1.vwf.vt
quartus_eda --gen_testbench --tool=modelsim_oem --format=verilog --write_settings_files=off week3p -c week3p --vector_source=C:/Users/user/Desktop/TEMP/Quartus_File/week3/output_files/Waveform1.vwf --testbench_file=C:/Users/user/Desktop/TEMP/Quartus_File/week3/simulation/qsim/output_files/Waveform1.vwf.vt
quartus_eda --gen_testbench --tool=modelsim_oem --format=verilog --write_settings_files=off week3p -c week3p --vector_source=C:/Users/user/Desktop/TEMP/Quartus_File/week3/output_files/Waveform1.vwf --testbench_file=C:/Users/user/Desktop/TEMP/Quartus_File/week3/simulation/qsim/output_files/Waveform1.vwf.vt
quartus_eda --gen_testbench --tool=modelsim_oem --format=verilog --write_settings_files=off week3p -c week3p --vector_source=C:/Users/user/Desktop/TEMP/Quartus_File/week3/output_files/Waveform1.vwf --testbench_file=C:/Users/user/Desktop/TEMP/Quartus_File/week3/simulation/qsim/output_files/Waveform1.vwf.vt
quartus_eda --gen_testbench --tool=modelsim_oem --format=verilog --write_settings_files=off week3p -c week3p --vector_source=C:/Users/user/Desktop/TEMP/Quartus_File/week3/output_files/Waveform1.vwf --testbench_file=C:/Users/user/Desktop/TEMP/Quartus_File/week3/simulation/qsim/output_files/Waveform1.vwf.vt



