------------------------------------------------------------
Timing Analyzer Summary
------------------------------------------------------------

Type  : Slow 1100mV 85C Model Setup 'clk'
Slack : -2.805
TNS   : -112.478

Type  : Slow 1100mV 85C Model Hold 'clk'
Slack : 0.440
TNS   : 0.000

Type  : Slow 1100mV 85C Model Minimum Pulse Width 'clk'
Slack : -0.538
TNS   : -32.297

Type  : Slow 1100mV 0C Model Setup 'clk'
Slack : -2.802
TNS   : -112.724

Type  : Slow 1100mV 0C Model Hold 'clk'
Slack : 0.447
TNS   : 0.000

Type  : Slow 1100mV 0C Model Minimum Pulse Width 'clk'
Slack : -0.538
TNS   : -34.164

Type  : Fast 1100mV 85C Model Setup 'clk'
Slack : -0.837
TNS   : -31.538

Type  : Fast 1100mV 85C Model Hold 'clk'
Slack : 0.199
TNS   : 0.000

Type  : Fast 1100mV 85C Model Minimum Pulse Width 'clk'
Slack : -0.094
TNS   : -3.847

Type  : Fast 1100mV 0C Model Setup 'clk'
Slack : -0.694
TNS   : -25.929

Type  : Fast 1100mV 0C Model Hold 'clk'
Slack : 0.188
TNS   : 0.000

Type  : Fast 1100mV 0C Model Minimum Pulse Width 'clk'
Slack : -0.095
TNS   : -3.907

------------------------------------------------------------
