Analysis & Synthesis report for week15
Tue May 27 17:49:57 2025
Quartus Prime Version 20.1.0 Build 711 06/05/2020 SJ Lite Edition


---------------------
; Table of Contents ;
---------------------
  1. Legal Notice
  2. Analysis & Synthesis Summary
  3. Analysis & Synthesis Settings
  4. Parallel Compilation
  5. Analysis & Synthesis Source Files Read
  6. Analysis & Synthesis Resource Usage Summary
  7. Analysis & Synthesis Resource Utilization by Entity
  8. General Register Statistics
  9. Parameter Settings for User Entity Instance: 74191:inst1
 10. Post-Synthesis Netlist Statistics for Top Partition
 11. Elapsed Time Per Partition
 12. Analysis & Synthesis Messages



----------------
; Legal Notice ;
----------------
Copyright (C) 2020  Intel Corporation. All rights reserved.
Your use of Intel Corporation's design tools, logic functions 
and other software and tools, and any partner logic 
functions, and any output files from any of the foregoing 
(including device programming or simulation files), and any 
associated documentation or information are expressly subject 
to the terms and conditions of the Intel Program License 
Subscription Agreement, the Intel Quartus Prime License Agreement,
the Intel FPGA IP License Agreement, or other applicable license
agreement, including, without limitation, that your use is for
the sole purpose of programming logic devices manufactured by
Intel and sold by Intel or its authorized distributors.  Please
refer to the applicable agreement for further details, at
https://fpgasoftware.intel.com/eula.



+-------------------------------------------------------------------------------+
; Analysis & Synthesis Summary                                                  ;
+---------------------------------+---------------------------------------------+
; Analysis & Synthesis Status     ; Successful - Tue May 27 17:49:57 2025       ;
; Quartus Prime Version           ; 20.1.0 Build 711 06/05/2020 SJ Lite Edition ;
; Revision Name                   ; week15                                      ;
; Top-level Entity Name           ; the_main                                    ;
; Family                          ; Cyclone V                                   ;
; Logic utilization (in ALMs)     ; N/A                                         ;
; Total registers                 ; 28                                          ;
; Total pins                      ; 16                                          ;
; Total virtual pins              ; 0                                           ;
; Total block memory bits         ; 0                                           ;
; Total DSP Blocks                ; 0                                           ;
; Total HSSI RX PCSs              ; 0                                           ;
; Total HSSI PMA RX Deserializers ; 0                                           ;
; Total HSSI TX PCSs              ; 0                                           ;
; Total HSSI PMA TX Serializers   ; 0                                           ;
; Total PLLs                      ; 0                                           ;
; Total DLLs                      ; 0                                           ;
+---------------------------------+---------------------------------------------+


+---------------------------------------------------------------------------------------------------------------------------+
; Analysis & Synthesis Settings                                                                                             ;
+---------------------------------------------------------------------------------+--------------------+--------------------+
; Option                                                                          ; Setting            ; Default Value      ;
+---------------------------------------------------------------------------------+--------------------+--------------------+
; Device                                                                          ; 5CEBA4F23C7        ;                    ;
; Top-level entity name                                                           ; the_main           ; week15             ;
; Family name                                                                     ; Cyclone V          ; Cyclone V          ;
; Use smart compilation                                                           ; Off                ; Off                ;
; Enable parallel Assembler and Timing Analyzer during compilation                ; On                 ; On                 ;
; Enable compact report table                                                     ; Off                ; Off                ;
; Restructure Multiplexers                                                        ; Auto               ; Auto               ;
; MLAB Add Timing Constraints For Mixed-Port Feed-Through Mode Setting Don't Care ; Off                ; Off                ;
; Create Debugging Nodes for IP Cores                                             ; Off                ; Off                ;
; Preserve fewer node names                                                       ; On                 ; On                 ;
; Intel FPGA IP Evaluation Mode                                                   ; Enable             ; Enable             ;
; Verilog Version                                                                 ; Verilog_2001       ; Verilog_2001       ;
; VHDL Version                                                                    ; VHDL_1993          ; VHDL_1993          ;
; State Machine Processing                                                        ; Auto               ; Auto               ;
; Safe State Machine                                                              ; Off                ; Off                ;
; Extract Verilog State Machines                                                  ; On                 ; On                 ;
; Extract VHDL State Machines                                                     ; On                 ; On                 ;
; Ignore Verilog initial constructs                                               ; Off                ; Off                ;
; Iteration limit for constant Verilog loops                                      ; 5000               ; 5000               ;
; Iteration limit for non-constant Verilog loops                                  ; 250                ; 250                ;
; Add Pass-Through Logic to Inferred RAMs                                         ; On                 ; On                 ;
; Infer RAMs from Raw Logic                                                       ; On                 ; On                 ;
; Parallel Synthesis                                                              ; On                 ; On                 ;
; DSP Block Balancing                                                             ; Auto               ; Auto               ;
; NOT Gate Push-Back                                                              ; On                 ; On                 ;
; Power-Up Don't Care                                                             ; On                 ; On                 ;
; Remove Redundant Logic Cells                                                    ; Off                ; Off                ;
; Remove Duplicate Registers                                                      ; On                 ; On                 ;
; Ignore CARRY Buffers                                                            ; Off                ; Off                ;
; Ignore CASCADE Buffers                                                          ; Off                ; Off                ;
; Ignore GLOBAL Buffers                                                           ; Off                ; Off                ;
; Ignore ROW GLOBAL Buffers                                                       ; Off                ; Off                ;
; Ignore LCELL Buffers                                                            ; Off                ; Off                ;
; Ignore SOFT Buffers                                                             ; On                 ; On                 ;
; Limit AHDL Integers to 32 Bits                                                  ; Off                ; Off                ;
; Optimization Technique                                                          ; Balanced           ; Balanced           ;
; Carry Chain Length                                                              ; 70                 ; 70                 ;
; Auto Carry Chains                                                               ; On                 ; On                 ;
; Auto Open-Drain Pins                                                            ; On                 ; On                 ;
; Perform WYSIWYG Primitive Resynthesis                                           ; Off                ; Off                ;
; Auto ROM Replacement                                                            ; On                 ; On                 ;
; Auto RAM Replacement                                                            ; On                 ; On                 ;
; Auto DSP Block Replacement                                                      ; On                 ; On                 ;
; Auto Shift Register Replacement                                                 ; Auto               ; Auto               ;
; Allow Shift Register Merging across Hierarchies                                 ; Auto               ; Auto               ;
; Auto Clock Enable Replacement                                                   ; On                 ; On                 ;
; Strict RAM Replacement                                                          ; Off                ; Off                ;
; Allow Synchronous Control Signals                                               ; On                 ; On                 ;
; Force Use of Synchronous Clear Signals                                          ; Off                ; Off                ;
; Auto Resource Sharing                                                           ; Off                ; Off                ;
; Allow Any RAM Size For Recognition                                              ; Off                ; Off                ;
; Allow Any ROM Size For Recognition                                              ; Off                ; Off                ;
; Allow Any Shift Register Size For Recognition                                   ; Off                ; Off                ;
; Use LogicLock Constraints during Resource Balancing                             ; On                 ; On                 ;
; Ignore translate_off and synthesis_off directives                               ; Off                ; Off                ;
; Timing-Driven Synthesis                                                         ; On                 ; On                 ;
; Report Parameter Settings                                                       ; On                 ; On                 ;
; Report Source Assignments                                                       ; On                 ; On                 ;
; Report Connectivity Checks                                                      ; On                 ; On                 ;
; Ignore Maximum Fan-Out Assignments                                              ; Off                ; Off                ;
; Synchronization Register Chain Length                                           ; 3                  ; 3                  ;
; Power Optimization During Synthesis                                             ; Normal compilation ; Normal compilation ;
; HDL message level                                                               ; Level2             ; Level2             ;
; Suppress Register Optimization Related Messages                                 ; Off                ; Off                ;
; Number of Removed Registers Reported in Synthesis Report                        ; 5000               ; 5000               ;
; Number of Swept Nodes Reported in Synthesis Report                              ; 5000               ; 5000               ;
; Number of Inverted Registers Reported in Synthesis Report                       ; 100                ; 100                ;
; Clock MUX Protection                                                            ; On                 ; On                 ;
; Auto Gated Clock Conversion                                                     ; Off                ; Off                ;
; Block Design Naming                                                             ; Auto               ; Auto               ;
; SDC constraint protection                                                       ; Off                ; Off                ;
; Synthesis Effort                                                                ; Auto               ; Auto               ;
; Shift Register Replacement - Allow Asynchronous Clear Signal                    ; On                 ; On                 ;
; Pre-Mapping Resynthesis Optimization                                            ; Off                ; Off                ;
; Analysis & Synthesis Message Level                                              ; Medium             ; Medium             ;
; Disable Register Merging Across Hierarchies                                     ; Auto               ; Auto               ;
; Resource Aware Inference For Block RAM                                          ; On                 ; On                 ;
; Automatic Parallel Synthesis                                                    ; On                 ; On                 ;
; Partial Reconfiguration Bitstream ID                                            ; Off                ; Off                ;
+---------------------------------------------------------------------------------+--------------------+--------------------+


+------------------------------------------+
; Parallel Compilation                     ;
+----------------------------+-------------+
; Processors                 ; Number      ;
+----------------------------+-------------+
; Number detected on machine ; 12          ;
; Maximum allowed            ; 12          ;
;                            ;             ;
; Average used               ; 1.00        ;
; Maximum used               ; 12          ;
;                            ;             ;
; Usage by Processor         ; % Time Used ;
;     Processor 1            ; 100.0%      ;
;     Processors 2-12        ;   0.0%      ;
+----------------------------+-------------+


+--------------------------------------------------------------------------------------------------------------------------------------------------------------------------+
; Analysis & Synthesis Source Files Read                                                                                                                                   ;
+----------------------------------------+-----------------+------------------------------------+----------------------------------------------------------------+---------+
; File Name with User-Entered Path       ; Used in Netlist ; File Type                          ; File Name with Absolute Path                                   ; Library ;
+----------------------------------------+-----------------+------------------------------------+----------------------------------------------------------------+---------+
; ../week14/ff_T.bdf                     ; yes             ; User Block Diagram/Schematic File  ; C:/Users/user/Desktop/TEMP/week14/ff_T.bdf                     ;         ;
; ../week14/ff_D.bdf                     ; yes             ; User Block Diagram/Schematic File  ; C:/Users/user/Desktop/TEMP/week14/ff_D.bdf                     ;         ;
; ../week14/10bits_counter_d1024.bdf     ; yes             ; User Block Diagram/Schematic File  ; C:/Users/user/Desktop/TEMP/week14/10bits_counter_d1024.bdf     ;         ;
; ../week14/4bits_counter_d16.bdf        ; yes             ; User Block Diagram/Schematic File  ; C:/Users/user/Desktop/TEMP/week14/4bits_counter_d16.bdf        ;         ;
; ../week14/2bits_counter_d4.bdf         ; yes             ; User Block Diagram/Schematic File  ; C:/Users/user/Desktop/TEMP/week14/2bits_counter_d4.bdf         ;         ;
; ../week14/24bits_counter_d16777216.bdf ; yes             ; User Block Diagram/Schematic File  ; C:/Users/user/Desktop/TEMP/week14/24bits_counter_d16777216.bdf ;         ;
; the_main.bdf                           ; yes             ; User Block Diagram/Schematic File  ; C:/Users/user/Desktop/TEMP/week15/the_main.bdf                 ;         ;
; 7447.bdf                               ; yes             ; Megafunction                       ; c:/intelfpga/20.1/quartus/libraries/others/maxplus2/7447.bdf   ;         ;
; 74191.tdf                              ; yes             ; Megafunction                       ; c:/intelfpga/20.1/quartus/libraries/others/maxplus2/74191.tdf  ;         ;
; aglobal.inc                            ; yes             ; Megafunction                       ; c:/intelfpga/20.1/quartus/libraries/megafunctions/aglobal.inc  ;         ;
; f74191.bdf                             ; yes             ; Megafunction                       ; c:/intelfpga/20.1/quartus/libraries/others/maxplus2/f74191.bdf ;         ;
; inhb.bdf                               ; yes             ; Megafunction                       ; c:/intelfpga/20.1/quartus/libraries/others/maxplus2/inhb.bdf   ;         ;
+----------------------------------------+-----------------+------------------------------------+----------------------------------------------------------------+---------+


+-------------------------------------------------------------------------------------------------------------------------------------------------------+
; Analysis & Synthesis Resource Usage Summary                                                                                                           ;
+---------------------------------------------+---------------------------------------------------------------------------------------------------------+
; Resource                                    ; Usage                                                                                                   ;
+---------------------------------------------+---------------------------------------------------------------------------------------------------------+
; Estimate of Logic utilization (ALMs needed) ; 51                                                                                                      ;
;                                             ;                                                                                                         ;
; Combinational ALUT usage for logic          ; 91                                                                                                      ;
;     -- 7 input functions                    ; 0                                                                                                       ;
;     -- 6 input functions                    ; 10                                                                                                      ;
;     -- 5 input functions                    ; 6                                                                                                       ;
;     -- 4 input functions                    ; 50                                                                                                      ;
;     -- <=3 input functions                  ; 25                                                                                                      ;
;                                             ;                                                                                                         ;
; Dedicated logic registers                   ; 28                                                                                                      ;
;                                             ;                                                                                                         ;
; I/O pins                                    ; 16                                                                                                      ;
;                                             ;                                                                                                         ;
; Total DSP Blocks                            ; 0                                                                                                       ;
;                                             ;                                                                                                         ;
; Maximum fan-out node                        ; 24bits_counter_d16777216:inst|4bits_counter_d16:inst2|2bits_counter_d4:inst|ff_T:inst1|ff_D:inst|inst~1 ;
; Maximum fan-out                             ; 49                                                                                                      ;
; Total fan-out                               ; 450                                                                                                     ;
; Average fan-out                             ; 2.98                                                                                                    ;
+---------------------------------------------+---------------------------------------------------------------------------------------------------------+


+----------------------------------------------------------------------------------------------------------------------------------------------------------------------------------------------------------------------------------------------------------------------------------------------------------------------------------+
; Analysis & Synthesis Resource Utilization by Entity                                                                                                                                                                                                                                                                              ;
+--------------------------------------+---------------------+---------------------------+-------------------+------------+------+--------------+----------------------------------------------------------------------------------------------------------------------------------------+--------------------------+--------------+
; Compilation Hierarchy Node           ; Combinational ALUTs ; Dedicated Logic Registers ; Block Memory Bits ; DSP Blocks ; Pins ; Virtual Pins ; Full Hierarchy Name                                                                                                                    ; Entity Name              ; Library Name ;
+--------------------------------------+---------------------+---------------------------+-------------------+------------+------+--------------+----------------------------------------------------------------------------------------------------------------------------------------+--------------------------+--------------+
; |the_main                            ; 91 (0)              ; 28 (0)                    ; 0                 ; 0          ; 16   ; 0            ; |the_main                                                                                                                              ; the_main                 ; work         ;
;    |24bits_counter_d16777216:inst|   ; 74 (0)              ; 24 (0)                    ; 0                 ; 0          ; 0    ; 0            ; |the_main|24bits_counter_d16777216:inst                                                                                                ; 24bits_counter_d16777216 ; work         ;
;       |10bits_counter_d1024:inst1|   ; 33 (0)              ; 10 (0)                    ; 0                 ; 0          ; 0    ; 0            ; |the_main|24bits_counter_d16777216:inst|10bits_counter_d1024:inst1                                                                     ; 10bits_counter_d1024     ; work         ;
;          |2bits_counter_d4:inst2|    ; 4 (0)               ; 2 (0)                     ; 0                 ; 0          ; 0    ; 0            ; |the_main|24bits_counter_d16777216:inst|10bits_counter_d1024:inst1|2bits_counter_d4:inst2                                              ; 2bits_counter_d4         ; work         ;
;             |ff_T:inst1|             ; 2 (0)               ; 1 (0)                     ; 0                 ; 0          ; 0    ; 0            ; |the_main|24bits_counter_d16777216:inst|10bits_counter_d1024:inst1|2bits_counter_d4:inst2|ff_T:inst1                                   ; ff_T                     ; work         ;
;                |ff_D:inst|           ; 2 (2)               ; 1 (1)                     ; 0                 ; 0          ; 0    ; 0            ; |the_main|24bits_counter_d16777216:inst|10bits_counter_d1024:inst1|2bits_counter_d4:inst2|ff_T:inst1|ff_D:inst                         ; ff_D                     ; work         ;
;             |ff_T:inst|              ; 2 (0)               ; 1 (0)                     ; 0                 ; 0          ; 0    ; 0            ; |the_main|24bits_counter_d16777216:inst|10bits_counter_d1024:inst1|2bits_counter_d4:inst2|ff_T:inst                                    ; ff_T                     ; work         ;
;                |ff_D:inst|           ; 2 (2)               ; 1 (1)                     ; 0                 ; 0          ; 0    ; 0            ; |the_main|24bits_counter_d16777216:inst|10bits_counter_d1024:inst1|2bits_counter_d4:inst2|ff_T:inst|ff_D:inst                          ; ff_D                     ; work         ;
;          |4bits_counter_d16:inst1|   ; 14 (1)              ; 4 (0)                     ; 0                 ; 0          ; 0    ; 0            ; |the_main|24bits_counter_d16777216:inst|10bits_counter_d1024:inst1|4bits_counter_d16:inst1                                             ; 4bits_counter_d16        ; work         ;
;             |2bits_counter_d4:inst1| ; 6 (1)               ; 2 (0)                     ; 0                 ; 0          ; 0    ; 0            ; |the_main|24bits_counter_d16777216:inst|10bits_counter_d1024:inst1|4bits_counter_d16:inst1|2bits_counter_d4:inst1                      ; 2bits_counter_d4         ; work         ;
;                |ff_T:inst1|          ; 2 (0)               ; 1 (0)                     ; 0                 ; 0          ; 0    ; 0            ; |the_main|24bits_counter_d16777216:inst|10bits_counter_d1024:inst1|4bits_counter_d16:inst1|2bits_counter_d4:inst1|ff_T:inst1           ; ff_T                     ; work         ;
;                   |ff_D:inst|        ; 2 (2)               ; 1 (1)                     ; 0                 ; 0          ; 0    ; 0            ; |the_main|24bits_counter_d16777216:inst|10bits_counter_d1024:inst1|4bits_counter_d16:inst1|2bits_counter_d4:inst1|ff_T:inst1|ff_D:inst ; ff_D                     ; work         ;
;                |ff_T:inst|           ; 3 (0)               ; 1 (0)                     ; 0                 ; 0          ; 0    ; 0            ; |the_main|24bits_counter_d16777216:inst|10bits_counter_d1024:inst1|4bits_counter_d16:inst1|2bits_counter_d4:inst1|ff_T:inst            ; ff_T                     ; work         ;
;                   |ff_D:inst|        ; 3 (3)               ; 1 (1)                     ; 0                 ; 0          ; 0    ; 0            ; |the_main|24bits_counter_d16777216:inst|10bits_counter_d1024:inst1|4bits_counter_d16:inst1|2bits_counter_d4:inst1|ff_T:inst|ff_D:inst  ; ff_D                     ; work         ;
;             |2bits_counter_d4:inst|  ; 7 (2)               ; 2 (0)                     ; 0                 ; 0          ; 0    ; 0            ; |the_main|24bits_counter_d16777216:inst|10bits_counter_d1024:inst1|4bits_counter_d16:inst1|2bits_counter_d4:inst                       ; 2bits_counter_d4         ; work         ;
;                |ff_T:inst1|          ; 2 (0)               ; 1 (0)                     ; 0                 ; 0          ; 0    ; 0            ; |the_main|24bits_counter_d16777216:inst|10bits_counter_d1024:inst1|4bits_counter_d16:inst1|2bits_counter_d4:inst|ff_T:inst1            ; ff_T                     ; work         ;
;                   |ff_D:inst|        ; 2 (2)               ; 1 (1)                     ; 0                 ; 0          ; 0    ; 0            ; |the_main|24bits_counter_d16777216:inst|10bits_counter_d1024:inst1|4bits_counter_d16:inst1|2bits_counter_d4:inst|ff_T:inst1|ff_D:inst  ; ff_D                     ; work         ;
;                |ff_T:inst|           ; 3 (0)               ; 1 (0)                     ; 0                 ; 0          ; 0    ; 0            ; |the_main|24bits_counter_d16777216:inst|10bits_counter_d1024:inst1|4bits_counter_d16:inst1|2bits_counter_d4:inst|ff_T:inst             ; ff_T                     ; work         ;
;                   |ff_D:inst|        ; 3 (3)               ; 1 (1)                     ; 0                 ; 0          ; 0    ; 0            ; |the_main|24bits_counter_d16777216:inst|10bits_counter_d1024:inst1|4bits_counter_d16:inst1|2bits_counter_d4:inst|ff_T:inst|ff_D:inst   ; ff_D                     ; work         ;
;          |4bits_counter_d16:inst|    ; 15 (3)              ; 4 (0)                     ; 0                 ; 0          ; 0    ; 0            ; |the_main|24bits_counter_d16777216:inst|10bits_counter_d1024:inst1|4bits_counter_d16:inst                                              ; 4bits_counter_d16        ; work         ;
;             |2bits_counter_d4:inst1| ; 4 (0)               ; 2 (0)                     ; 0                 ; 0          ; 0    ; 0            ; |the_main|24bits_counter_d16777216:inst|10bits_counter_d1024:inst1|4bits_counter_d16:inst|2bits_counter_d4:inst1                       ; 2bits_counter_d4         ; work         ;
;                |ff_T:inst1|          ; 2 (0)               ; 1 (0)                     ; 0                 ; 0          ; 0    ; 0            ; |the_main|24bits_counter_d16777216:inst|10bits_counter_d1024:inst1|4bits_counter_d16:inst|2bits_counter_d4:inst1|ff_T:inst1            ; ff_T                     ; work         ;
;                   |ff_D:inst|        ; 2 (2)               ; 1 (1)                     ; 0                 ; 0          ; 0    ; 0            ; |the_main|24bits_counter_d16777216:inst|10bits_counter_d1024:inst1|4bits_counter_d16:inst|2bits_counter_d4:inst1|ff_T:inst1|ff_D:inst  ; ff_D                     ; work         ;
;                |ff_T:inst|           ; 2 (0)               ; 1 (0)                     ; 0                 ; 0          ; 0    ; 0            ; |the_main|24bits_counter_d16777216:inst|10bits_counter_d1024:inst1|4bits_counter_d16:inst|2bits_counter_d4:inst1|ff_T:inst             ; ff_T                     ; work         ;
;                   |ff_D:inst|        ; 2 (2)               ; 1 (1)                     ; 0                 ; 0          ; 0    ; 0            ; |the_main|24bits_counter_d16777216:inst|10bits_counter_d1024:inst1|4bits_counter_d16:inst|2bits_counter_d4:inst1|ff_T:inst|ff_D:inst   ; ff_D                     ; work         ;
;             |2bits_counter_d4:inst|  ; 8 (3)               ; 2 (0)                     ; 0                 ; 0          ; 0    ; 0            ; |the_main|24bits_counter_d16777216:inst|10bits_counter_d1024:inst1|4bits_counter_d16:inst|2bits_counter_d4:inst                        ; 2bits_counter_d4         ; work         ;
;                |ff_T:inst1|          ; 2 (0)               ; 1 (0)                     ; 0                 ; 0          ; 0    ; 0            ; |the_main|24bits_counter_d16777216:inst|10bits_counter_d1024:inst1|4bits_counter_d16:inst|2bits_counter_d4:inst|ff_T:inst1             ; ff_T                     ; work         ;
;                   |ff_D:inst|        ; 2 (2)               ; 1 (1)                     ; 0                 ; 0          ; 0    ; 0            ; |the_main|24bits_counter_d16777216:inst|10bits_counter_d1024:inst1|4bits_counter_d16:inst|2bits_counter_d4:inst|ff_T:inst1|ff_D:inst   ; ff_D                     ; work         ;
;                |ff_T:inst|           ; 3 (0)               ; 1 (0)                     ; 0                 ; 0          ; 0    ; 0            ; |the_main|24bits_counter_d16777216:inst|10bits_counter_d1024:inst1|4bits_counter_d16:inst|2bits_counter_d4:inst|ff_T:inst              ; ff_T                     ; work         ;
;                   |ff_D:inst|        ; 3 (3)               ; 1 (1)                     ; 0                 ; 0          ; 0    ; 0            ; |the_main|24bits_counter_d16777216:inst|10bits_counter_d1024:inst1|4bits_counter_d16:inst|2bits_counter_d4:inst|ff_T:inst|ff_D:inst    ; ff_D                     ; work         ;
;       |10bits_counter_d1024:inst|    ; 30 (0)              ; 10 (0)                    ; 0                 ; 0          ; 0    ; 0            ; |the_main|24bits_counter_d16777216:inst|10bits_counter_d1024:inst                                                                      ; 10bits_counter_d1024     ; work         ;
;          |2bits_counter_d4:inst2|    ; 5 (0)               ; 2 (0)                     ; 0                 ; 0          ; 0    ; 0            ; |the_main|24bits_counter_d16777216:inst|10bits_counter_d1024:inst|2bits_counter_d4:inst2                                               ; 2bits_counter_d4         ; work         ;
;             |ff_T:inst1|             ; 2 (0)               ; 1 (0)                     ; 0                 ; 0          ; 0    ; 0            ; |the_main|24bits_counter_d16777216:inst|10bits_counter_d1024:inst|2bits_counter_d4:inst2|ff_T:inst1                                    ; ff_T                     ; work         ;
;                |ff_D:inst|           ; 2 (2)               ; 1 (1)                     ; 0                 ; 0          ; 0    ; 0            ; |the_main|24bits_counter_d16777216:inst|10bits_counter_d1024:inst|2bits_counter_d4:inst2|ff_T:inst1|ff_D:inst                          ; ff_D                     ; work         ;
;             |ff_T:inst|              ; 3 (0)               ; 1 (0)                     ; 0                 ; 0          ; 0    ; 0            ; |the_main|24bits_counter_d16777216:inst|10bits_counter_d1024:inst|2bits_counter_d4:inst2|ff_T:inst                                     ; ff_T                     ; work         ;
;                |ff_D:inst|           ; 3 (3)               ; 1 (1)                     ; 0                 ; 0          ; 0    ; 0            ; |the_main|24bits_counter_d16777216:inst|10bits_counter_d1024:inst|2bits_counter_d4:inst2|ff_T:inst|ff_D:inst                           ; ff_D                     ; work         ;
;          |4bits_counter_d16:inst1|   ; 13 (4)              ; 4 (0)                     ; 0                 ; 0          ; 0    ; 0            ; |the_main|24bits_counter_d16777216:inst|10bits_counter_d1024:inst|4bits_counter_d16:inst1                                              ; 4bits_counter_d16        ; work         ;
;             |2bits_counter_d4:inst1| ; 4 (0)               ; 2 (0)                     ; 0                 ; 0          ; 0    ; 0            ; |the_main|24bits_counter_d16777216:inst|10bits_counter_d1024:inst|4bits_counter_d16:inst1|2bits_counter_d4:inst1                       ; 2bits_counter_d4         ; work         ;
;                |ff_T:inst1|          ; 2 (0)               ; 1 (0)                     ; 0                 ; 0          ; 0    ; 0            ; |the_main|24bits_counter_d16777216:inst|10bits_counter_d1024:inst|4bits_counter_d16:inst1|2bits_counter_d4:inst1|ff_T:inst1            ; ff_T                     ; work         ;
;                   |ff_D:inst|        ; 2 (2)               ; 1 (1)                     ; 0                 ; 0          ; 0    ; 0            ; |the_main|24bits_counter_d16777216:inst|10bits_counter_d1024:inst|4bits_counter_d16:inst1|2bits_counter_d4:inst1|ff_T:inst1|ff_D:inst  ; ff_D                     ; work         ;
;                |ff_T:inst|           ; 2 (0)               ; 1 (0)                     ; 0                 ; 0          ; 0    ; 0            ; |the_main|24bits_counter_d16777216:inst|10bits_counter_d1024:inst|4bits_counter_d16:inst1|2bits_counter_d4:inst1|ff_T:inst             ; ff_T                     ; work         ;
;                   |ff_D:inst|        ; 2 (2)               ; 1 (1)                     ; 0                 ; 0          ; 0    ; 0            ; |the_main|24bits_counter_d16777216:inst|10bits_counter_d1024:inst|4bits_counter_d16:inst1|2bits_counter_d4:inst1|ff_T:inst|ff_D:inst   ; ff_D                     ; work         ;
;             |2bits_counter_d4:inst|  ; 5 (0)               ; 2 (0)                     ; 0                 ; 0          ; 0    ; 0            ; |the_main|24bits_counter_d16777216:inst|10bits_counter_d1024:inst|4bits_counter_d16:inst1|2bits_counter_d4:inst                        ; 2bits_counter_d4         ; work         ;
;                |ff_T:inst1|          ; 2 (0)               ; 1 (0)                     ; 0                 ; 0          ; 0    ; 0            ; |the_main|24bits_counter_d16777216:inst|10bits_counter_d1024:inst|4bits_counter_d16:inst1|2bits_counter_d4:inst|ff_T:inst1             ; ff_T                     ; work         ;
;                   |ff_D:inst|        ; 2 (2)               ; 1 (1)                     ; 0                 ; 0          ; 0    ; 0            ; |the_main|24bits_counter_d16777216:inst|10bits_counter_d1024:inst|4bits_counter_d16:inst1|2bits_counter_d4:inst|ff_T:inst1|ff_D:inst   ; ff_D                     ; work         ;
;                |ff_T:inst|           ; 3 (0)               ; 1 (0)                     ; 0                 ; 0          ; 0    ; 0            ; |the_main|24bits_counter_d16777216:inst|10bits_counter_d1024:inst|4bits_counter_d16:inst1|2bits_counter_d4:inst|ff_T:inst              ; ff_T                     ; work         ;
;                   |ff_D:inst|        ; 3 (3)               ; 1 (1)                     ; 0                 ; 0          ; 0    ; 0            ; |the_main|24bits_counter_d16777216:inst|10bits_counter_d1024:inst|4bits_counter_d16:inst1|2bits_counter_d4:inst|ff_T:inst|ff_D:inst    ; ff_D                     ; work         ;
;          |4bits_counter_d16:inst|    ; 12 (2)              ; 4 (0)                     ; 0                 ; 0          ; 0    ; 0            ; |the_main|24bits_counter_d16777216:inst|10bits_counter_d1024:inst|4bits_counter_d16:inst                                               ; 4bits_counter_d16        ; work         ;
;             |2bits_counter_d4:inst1| ; 4 (0)               ; 2 (0)                     ; 0                 ; 0          ; 0    ; 0            ; |the_main|24bits_counter_d16777216:inst|10bits_counter_d1024:inst|4bits_counter_d16:inst|2bits_counter_d4:inst1                        ; 2bits_counter_d4         ; work         ;
;                |ff_T:inst1|          ; 2 (0)               ; 1 (0)                     ; 0                 ; 0          ; 0    ; 0            ; |the_main|24bits_counter_d16777216:inst|10bits_counter_d1024:inst|4bits_counter_d16:inst|2bits_counter_d4:inst1|ff_T:inst1             ; ff_T                     ; work         ;
;                   |ff_D:inst|        ; 2 (2)               ; 1 (1)                     ; 0                 ; 0          ; 0    ; 0            ; |the_main|24bits_counter_d16777216:inst|10bits_counter_d1024:inst|4bits_counter_d16:inst|2bits_counter_d4:inst1|ff_T:inst1|ff_D:inst   ; ff_D                     ; work         ;
;                |ff_T:inst|           ; 2 (0)               ; 1 (0)                     ; 0                 ; 0          ; 0    ; 0            ; |the_main|24bits_counter_d16777216:inst|10bits_counter_d1024:inst|4bits_counter_d16:inst|2bits_counter_d4:inst1|ff_T:inst              ; ff_T                     ; work         ;
;                   |ff_D:inst|        ; 2 (2)               ; 1 (1)                     ; 0                 ; 0          ; 0    ; 0            ; |the_main|24bits_counter_d16777216:inst|10bits_counter_d1024:inst|4bits_counter_d16:inst|2bits_counter_d4:inst1|ff_T:inst|ff_D:inst    ; ff_D                     ; work         ;
;             |2bits_counter_d4:inst|  ; 6 (1)               ; 2 (0)                     ; 0                 ; 0          ; 0    ; 0            ; |the_main|24bits_counter_d16777216:inst|10bits_counter_d1024:inst|4bits_counter_d16:inst|2bits_counter_d4:inst                         ; 2bits_counter_d4         ; work         ;
;                |ff_T:inst1|          ; 2 (0)               ; 1 (0)                     ; 0                 ; 0          ; 0    ; 0            ; |the_main|24bits_counter_d16777216:inst|10bits_counter_d1024:inst|4bits_counter_d16:inst|2bits_counter_d4:inst|ff_T:inst1              ; ff_T                     ; work         ;
;                   |ff_D:inst|        ; 2 (2)               ; 1 (1)                     ; 0                 ; 0          ; 0    ; 0            ; |the_main|24bits_counter_d16777216:inst|10bits_counter_d1024:inst|4bits_counter_d16:inst|2bits_counter_d4:inst|ff_T:inst1|ff_D:inst    ; ff_D                     ; work         ;
;                |ff_T:inst|           ; 3 (0)               ; 1 (0)                     ; 0                 ; 0          ; 0    ; 0            ; |the_main|24bits_counter_d16777216:inst|10bits_counter_d1024:inst|4bits_counter_d16:inst|2bits_counter_d4:inst|ff_T:inst               ; ff_T                     ; work         ;
;                   |ff_D:inst|        ; 3 (3)               ; 1 (1)                     ; 0                 ; 0          ; 0    ; 0            ; |the_main|24bits_counter_d16777216:inst|10bits_counter_d1024:inst|4bits_counter_d16:inst|2bits_counter_d4:inst|ff_T:inst|ff_D:inst     ; ff_D                     ; work         ;
;       |4bits_counter_d16:inst2|      ; 11 (0)              ; 4 (0)                     ; 0                 ; 0          ; 0    ; 0            ; |the_main|24bits_counter_d16777216:inst|4bits_counter_d16:inst2                                                                        ; 4bits_counter_d16        ; work         ;
;          |2bits_counter_d4:inst1|    ; 5 (0)               ; 2 (0)                     ; 0                 ; 0          ; 0    ; 0            ; |the_main|24bits_counter_d16777216:inst|4bits_counter_d16:inst2|2bits_counter_d4:inst1                                                 ; 2bits_counter_d4         ; work         ;
;             |ff_T:inst1|             ; 3 (0)               ; 1 (0)                     ; 0                 ; 0          ; 0    ; 0            ; |the_main|24bits_counter_d16777216:inst|4bits_counter_d16:inst2|2bits_counter_d4:inst1|ff_T:inst1                                      ; ff_T                     ; work         ;
;                |ff_D:inst|           ; 3 (3)               ; 1 (1)                     ; 0                 ; 0          ; 0    ; 0            ; |the_main|24bits_counter_d16777216:inst|4bits_counter_d16:inst2|2bits_counter_d4:inst1|ff_T:inst1|ff_D:inst                            ; ff_D                     ; work         ;
;             |ff_T:inst|              ; 2 (0)               ; 1 (0)                     ; 0                 ; 0          ; 0    ; 0            ; |the_main|24bits_counter_d16777216:inst|4bits_counter_d16:inst2|2bits_counter_d4:inst1|ff_T:inst                                       ; ff_T                     ; work         ;
;                |ff_D:inst|           ; 2 (2)               ; 1 (1)                     ; 0                 ; 0          ; 0    ; 0            ; |the_main|24bits_counter_d16777216:inst|4bits_counter_d16:inst2|2bits_counter_d4:inst1|ff_T:inst|ff_D:inst                             ; ff_D                     ; work         ;
;          |2bits_counter_d4:inst|     ; 6 (0)               ; 2 (0)                     ; 0                 ; 0          ; 0    ; 0            ; |the_main|24bits_counter_d16777216:inst|4bits_counter_d16:inst2|2bits_counter_d4:inst                                                  ; 2bits_counter_d4         ; work         ;
;             |ff_T:inst1|             ; 4 (0)               ; 1 (0)                     ; 0                 ; 0          ; 0    ; 0            ; |the_main|24bits_counter_d16777216:inst|4bits_counter_d16:inst2|2bits_counter_d4:inst|ff_T:inst1                                       ; ff_T                     ; work         ;
;                |ff_D:inst|           ; 4 (4)               ; 1 (1)                     ; 0                 ; 0          ; 0    ; 0            ; |the_main|24bits_counter_d16777216:inst|4bits_counter_d16:inst2|2bits_counter_d4:inst|ff_T:inst1|ff_D:inst                             ; ff_D                     ; work         ;
;             |ff_T:inst|              ; 2 (0)               ; 1 (0)                     ; 0                 ; 0          ; 0    ; 0            ; |the_main|24bits_counter_d16777216:inst|4bits_counter_d16:inst2|2bits_counter_d4:inst|ff_T:inst                                        ; ff_T                     ; work         ;
;                |ff_D:inst|           ; 2 (2)               ; 1 (1)                     ; 0                 ; 0          ; 0    ; 0            ; |the_main|24bits_counter_d16777216:inst|4bits_counter_d16:inst2|2bits_counter_d4:inst|ff_T:inst|ff_D:inst                              ; ff_D                     ; work         ;
;    |74191:inst1|                     ; 10 (0)              ; 4 (0)                     ; 0                 ; 0          ; 0    ; 0            ; |the_main|74191:inst1                                                                                                                  ; 74191                    ; work         ;
;       |f74191:sub|                   ; 10 (10)             ; 4 (4)                     ; 0                 ; 0          ; 0    ; 0            ; |the_main|74191:inst1|f74191:sub                                                                                                       ; f74191                   ; work         ;
;    |7447:inst3|                      ; 7 (7)               ; 0 (0)                     ; 0                 ; 0          ; 0    ; 0            ; |the_main|7447:inst3                                                                                                                   ; 7447                     ; work         ;
+--------------------------------------+---------------------+---------------------------+-------------------+------------+------+--------------+----------------------------------------------------------------------------------------------------------------------------------------+--------------------------+--------------+
Note: For table entries with two numbers listed, the numbers in parentheses indicate the number of resources of the given type used by the specific entity alone. The numbers listed outside of parentheses indicate the total resources of the given type used by the specific entity and all of its sub-entities in the hierarchy.


+------------------------------------------------------+
; General Register Statistics                          ;
+----------------------------------------------+-------+
; Statistic                                    ; Value ;
+----------------------------------------------+-------+
; Total registers                              ; 28    ;
; Number of registers using Synchronous Clear  ; 0     ;
; Number of registers using Synchronous Load   ; 0     ;
; Number of registers using Asynchronous Clear ; 24    ;
; Number of registers using Asynchronous Load  ; 0     ;
; Number of registers using Clock Enable       ; 0     ;
; Number of registers using Preset             ; 0     ;
+----------------------------------------------+-------+


+----------------------------------------------------------+
; Parameter Settings for User Entity Instance: 74191:inst1 ;
+------------------------+-----------+---------------------+
; Parameter Name         ; Value     ; Type                ;
+------------------------+-----------+---------------------+
; DEVICE_FAMILY          ; Cyclone V ; Untyped             ;
; AUTO_CARRY_CHAINS      ; ON        ; AUTO_CARRY          ;
; IGNORE_CARRY_BUFFERS   ; OFF       ; IGNORE_CARRY        ;
; AUTO_CASCADE_CHAINS    ; ON        ; AUTO_CASCADE        ;
; IGNORE_CASCADE_BUFFERS ; OFF       ; IGNORE_CASCADE      ;
+------------------------+-----------+---------------------+
Note: In order to hide this table in the UI and the text report file, please set the "Show Parameter Settings in Synthesis Report" option in "Analysis and Synthesis Settings -> More Settings" to "Off".


+-----------------------------------------------------+
; Post-Synthesis Netlist Statistics for Top Partition ;
+-----------------------+-----------------------------+
; Type                  ; Count                       ;
+-----------------------+-----------------------------+
; arriav_ff             ; 28                          ;
;     CLR               ; 24                          ;
;     plain             ; 4                           ;
; arriav_lcell_comb     ; 91                          ;
;     normal            ; 91                          ;
;         2 data inputs ; 18                          ;
;         3 data inputs ; 7                           ;
;         4 data inputs ; 50                          ;
;         5 data inputs ; 6                           ;
;         6 data inputs ; 10                          ;
; boundary_port         ; 16                          ;
;                       ;                             ;
; Max LUT depth         ; 5.00                        ;
; Average LUT depth     ; 3.76                        ;
+-----------------------+-----------------------------+


+-------------------------------+
; Elapsed Time Per Partition    ;
+----------------+--------------+
; Partition Name ; Elapsed Time ;
+----------------+--------------+
; Top            ; 00:00:00     ;
+----------------+--------------+


+-------------------------------+
; Analysis & Synthesis Messages ;
+-------------------------------+
Info: *******************************************************************
Info: Running Quartus Prime Analysis & Synthesis
    Info: Version 20.1.0 Build 711 06/05/2020 SJ Lite Edition
    Info: Processing started: Tue May 27 17:49:50 2025
Info: Command: quartus_map --read_settings_files=on --write_settings_files=off week15 -c week15
Warning (18236): Number of processors has not been specified which may cause overloading on shared machines.  Set the global assignment NUM_PARALLEL_PROCESSORS in your QSF to an appropriate value for best performance.
Info (20030): Parallel compilation is enabled and will use 12 of the 12 processors detected
Info (12021): Found 1 design units, including 1 entities, in source file /users/user/desktop/temp/week14/ff_t.bdf
    Info (12023): Found entity 1: ff_T
Info (12021): Found 1 design units, including 1 entities, in source file /users/user/desktop/temp/week14/ff_d.bdf
    Info (12023): Found entity 1: ff_D
Info (12021): Found 1 design units, including 1 entities, in source file /users/user/desktop/temp/week14/10bits_counter_d1024.bdf
    Info (12023): Found entity 1: 10bits_counter_d1024
Info (12021): Found 1 design units, including 1 entities, in source file /users/user/desktop/temp/week14/4bits_counter_d16.bdf
    Info (12023): Found entity 1: 4bits_counter_d16
Info (12021): Found 1 design units, including 1 entities, in source file /users/user/desktop/temp/week14/2bits_counter_d4.bdf
    Info (12023): Found entity 1: 2bits_counter_d4
Info (12021): Found 1 design units, including 1 entities, in source file /users/user/desktop/temp/week14/24bits_counter_d16777216.bdf
    Info (12023): Found entity 1: 24bits_counter_d16777216
Info (12021): Found 1 design units, including 1 entities, in source file t4bit_data.bdf
    Info (12023): Found entity 1: t4bit_data
Info (12021): Found 1 design units, including 1 entities, in source file t4bit_data_bus.bdf
    Info (12023): Found entity 1: t4bit_data_bus
Info (12021): Found 1 design units, including 1 entities, in source file test01.bdf
    Info (12023): Found entity 1: test01
Info (12021): Found 1 design units, including 1 entities, in source file t_ha.bdf
    Info (12023): Found entity 1: t_ha
Info (12021): Found 1 design units, including 1 entities, in source file t_fa.bdf
    Info (12023): Found entity 1: t_fa
Info (12021): Found 1 design units, including 1 entities, in source file t4bit_as.bdf
    Info (12023): Found entity 1: t4bit_as
Info (12021): Found 1 design units, including 1 entities, in source file t4bits_as_main.bdf
    Info (12023): Found entity 1: t4bits_as_main
Info (12021): Found 1 design units, including 1 entities, in source file q4bit_4mux.bdf
    Info (12023): Found entity 1: q4bit_4mux
Info (12021): Found 1 design units, including 1 entities, in source file t4bits_bus.bdf
    Info (12023): Found entity 1: t4bits_bus
Info (12021): Found 1 design units, including 1 entities, in source file t4but_to_4line.bdf
    Info (12023): Found entity 1: t4but_to_4line
Info (12021): Found 1 design units, including 1 entities, in source file t4line_to_4bus.bdf
    Info (12023): Found entity 1: t4line_to_4bus
Info (12021): Found 1 design units, including 1 entities, in source file t4bits_bus_data.bdf
    Info (12023): Found entity 1: t4bits_bus_data
Info (12021): Found 1 design units, including 1 entities, in source file t4bits_bus_as.bdf
    Info (12023): Found entity 1: t4bits_bus_as
Info (12021): Found 1 design units, including 1 entities, in source file the_main.bdf
    Info (12023): Found entity 1: the_main
Info (12127): Elaborating entity "the_main" for the top level hierarchy
Info (12128): Elaborating entity "7447" for hierarchy "7447:inst3"
Info (12130): Elaborated megafunction instantiation "7447:inst3"
Info (12128): Elaborating entity "74191" for hierarchy "74191:inst1"
Info (12130): Elaborated megafunction instantiation "74191:inst1"
Info (12128): Elaborating entity "f74191" for hierarchy "74191:inst1|f74191:sub" File: c:/intelfpga/20.1/quartus/libraries/others/maxplus2/74191.tdf Line: 33
Warning (275008): Primitive "VCC" of instance "125" not used
Info (12131): Elaborated megafunction instantiation "74191:inst1|f74191:sub", which is child of megafunction instantiation "74191:inst1" File: c:/intelfpga/20.1/quartus/libraries/others/maxplus2/74191.tdf Line: 33
Info (12128): Elaborating entity "inhb" for hierarchy "74191:inst1|f74191:sub|inhb:55"
Info (12131): Elaborated megafunction instantiation "74191:inst1|f74191:sub|inhb:55", which is child of megafunction instantiation "74191:inst1"
Info (12128): Elaborating entity "24bits_counter_d16777216" for hierarchy "24bits_counter_d16777216:inst"
Info (12128): Elaborating entity "4bits_counter_d16" for hierarchy "24bits_counter_d16777216:inst|4bits_counter_d16:inst2"
Info (12128): Elaborating entity "2bits_counter_d4" for hierarchy "24bits_counter_d16777216:inst|4bits_counter_d16:inst2|2bits_counter_d4:inst"
Info (12128): Elaborating entity "ff_T" for hierarchy "24bits_counter_d16777216:inst|4bits_counter_d16:inst2|2bits_counter_d4:inst|ff_T:inst1"
Info (12128): Elaborating entity "ff_D" for hierarchy "24bits_counter_d16777216:inst|4bits_counter_d16:inst2|2bits_counter_d4:inst|ff_T:inst1|ff_D:inst"
Info (12128): Elaborating entity "10bits_counter_d1024" for hierarchy "24bits_counter_d16777216:inst|10bits_counter_d1024:inst1"
Info (13014): Ignored 4 buffer(s)
    Info (13015): Ignored 4 CARRY buffer(s)
Warning (13004): Presettable and clearable registers converted to equivalent circuits with latches. Registers power-up to an undefined state, and DEVCLRn places the registers in an undefined state.
    Warning (13310): Register "24bits_counter_d16777216:inst|4bits_counter_d16:inst2|2bits_counter_d4:inst|ff_T:inst1|ff_D:inst|inst" is converted into an equivalent circuit using register "24bits_counter_d16777216:inst|4bits_counter_d16:inst2|2bits_counter_d4:inst|ff_T:inst1|ff_D:inst|inst~_emulated" and latch "24bits_counter_d16777216:inst|4bits_counter_d16:inst2|2bits_counter_d4:inst|ff_T:inst1|ff_D:inst|inst~1"
    Warning (13310): Register "24bits_counter_d16777216:inst|4bits_counter_d16:inst2|2bits_counter_d4:inst|ff_T:inst|ff_D:inst|inst" is converted into an equivalent circuit using register "24bits_counter_d16777216:inst|4bits_counter_d16:inst2|2bits_counter_d4:inst|ff_T:inst|ff_D:inst|inst~_emulated" and latch "24bits_counter_d16777216:inst|4bits_counter_d16:inst2|2bits_counter_d4:inst|ff_T:inst1|ff_D:inst|inst~1"
    Warning (13310): Register "24bits_counter_d16777216:inst|4bits_counter_d16:inst2|2bits_counter_d4:inst1|ff_T:inst1|ff_D:inst|inst" is converted into an equivalent circuit using register "24bits_counter_d16777216:inst|4bits_counter_d16:inst2|2bits_counter_d4:inst1|ff_T:inst1|ff_D:inst|inst~_emulated" and latch "24bits_counter_d16777216:inst|4bits_counter_d16:inst2|2bits_counter_d4:inst|ff_T:inst1|ff_D:inst|inst~1"
    Warning (13310): Register "24bits_counter_d16777216:inst|4bits_counter_d16:inst2|2bits_counter_d4:inst1|ff_T:inst|ff_D:inst|inst" is converted into an equivalent circuit using register "24bits_counter_d16777216:inst|4bits_counter_d16:inst2|2bits_counter_d4:inst1|ff_T:inst|ff_D:inst|inst~_emulated" and latch "24bits_counter_d16777216:inst|4bits_counter_d16:inst2|2bits_counter_d4:inst|ff_T:inst1|ff_D:inst|inst~1"
    Warning (13310): Register "24bits_counter_d16777216:inst|10bits_counter_d1024:inst1|2bits_counter_d4:inst2|ff_T:inst1|ff_D:inst|inst" is converted into an equivalent circuit using register "24bits_counter_d16777216:inst|10bits_counter_d1024:inst1|2bits_counter_d4:inst2|ff_T:inst1|ff_D:inst|inst~_emulated" and latch "24bits_counter_d16777216:inst|4bits_counter_d16:inst2|2bits_counter_d4:inst|ff_T:inst1|ff_D:inst|inst~1"
    Warning (13310): Register "24bits_counter_d16777216:inst|10bits_counter_d1024:inst1|2bits_counter_d4:inst2|ff_T:inst|ff_D:inst|inst" is converted into an equivalent circuit using register "24bits_counter_d16777216:inst|10bits_counter_d1024:inst1|2bits_counter_d4:inst2|ff_T:inst|ff_D:inst|inst~_emulated" and latch "24bits_counter_d16777216:inst|4bits_counter_d16:inst2|2bits_counter_d4:inst|ff_T:inst1|ff_D:inst|inst~1"
    Warning (13310): Register "24bits_counter_d16777216:inst|10bits_counter_d1024:inst1|4bits_counter_d16:inst1|2bits_counter_d4:inst|ff_T:inst1|ff_D:inst|inst" is converted into an equivalent circuit using register "24bits_counter_d16777216:inst|10bits_counter_d1024:inst1|4bits_counter_d16:inst1|2bits_counter_d4:inst|ff_T:inst1|ff_D:inst|inst~_emulated" and latch "24bits_counter_d16777216:inst|4bits_counter_d16:inst2|2bits_counter_d4:inst|ff_T:inst1|ff_D:inst|inst~1"
    Warning (13310): Register "24bits_counter_d16777216:inst|10bits_counter_d1024:inst1|4bits_counter_d16:inst1|2bits_counter_d4:inst|ff_T:inst|ff_D:inst|inst" is converted into an equivalent circuit using register "24bits_counter_d16777216:inst|10bits_counter_d1024:inst1|4bits_counter_d16:inst1|2bits_counter_d4:inst|ff_T:inst|ff_D:inst|inst~_emulated" and latch "24bits_counter_d16777216:inst|4bits_counter_d16:inst2|2bits_counter_d4:inst|ff_T:inst1|ff_D:inst|inst~1"
    Warning (13310): Register "24bits_counter_d16777216:inst|10bits_counter_d1024:inst1|4bits_counter_d16:inst1|2bits_counter_d4:inst1|ff_T:inst1|ff_D:inst|inst" is converted into an equivalent circuit using register "24bits_counter_d16777216:inst|10bits_counter_d1024:inst1|4bits_counter_d16:inst1|2bits_counter_d4:inst1|ff_T:inst1|ff_D:inst|inst~_emulated" and latch "24bits_counter_d16777216:inst|4bits_counter_d16:inst2|2bits_counter_d4:inst|ff_T:inst1|ff_D:inst|inst~1"
    Warning (13310): Register "24bits_counter_d16777216:inst|10bits_counter_d1024:inst1|4bits_counter_d16:inst1|2bits_counter_d4:inst1|ff_T:inst|ff_D:inst|inst" is converted into an equivalent circuit using register "24bits_counter_d16777216:inst|10bits_counter_d1024:inst1|4bits_counter_d16:inst1|2bits_counter_d4:inst1|ff_T:inst|ff_D:inst|inst~_emulated" and latch "24bits_counter_d16777216:inst|4bits_counter_d16:inst2|2bits_counter_d4:inst|ff_T:inst1|ff_D:inst|inst~1"
    Warning (13310): Register "24bits_counter_d16777216:inst|10bits_counter_d1024:inst1|4bits_counter_d16:inst|2bits_counter_d4:inst|ff_T:inst1|ff_D:inst|inst" is converted into an equivalent circuit using register "24bits_counter_d16777216:inst|10bits_counter_d1024:inst1|4bits_counter_d16:inst|2bits_counter_d4:inst|ff_T:inst1|ff_D:inst|inst~_emulated" and latch "24bits_counter_d16777216:inst|4bits_counter_d16:inst2|2bits_counter_d4:inst|ff_T:inst1|ff_D:inst|inst~1"
    Warning (13310): Register "24bits_counter_d16777216:inst|10bits_counter_d1024:inst1|4bits_counter_d16:inst|2bits_counter_d4:inst|ff_T:inst|ff_D:inst|inst" is converted into an equivalent circuit using register "24bits_counter_d16777216:inst|10bits_counter_d1024:inst1|4bits_counter_d16:inst|2bits_counter_d4:inst|ff_T:inst|ff_D:inst|inst~_emulated" and latch "24bits_counter_d16777216:inst|4bits_counter_d16:inst2|2bits_counter_d4:inst|ff_T:inst1|ff_D:inst|inst~1"
    Warning (13310): Register "24bits_counter_d16777216:inst|10bits_counter_d1024:inst1|4bits_counter_d16:inst|2bits_counter_d4:inst1|ff_T:inst1|ff_D:inst|inst" is converted into an equivalent circuit using register "24bits_counter_d16777216:inst|10bits_counter_d1024:inst1|4bits_counter_d16:inst|2bits_counter_d4:inst1|ff_T:inst1|ff_D:inst|inst~_emulated" and latch "24bits_counter_d16777216:inst|4bits_counter_d16:inst2|2bits_counter_d4:inst|ff_T:inst1|ff_D:inst|inst~1"
    Warning (13310): Register "24bits_counter_d16777216:inst|10bits_counter_d1024:inst1|4bits_counter_d16:inst|2bits_counter_d4:inst1|ff_T:inst|ff_D:inst|inst" is converted into an equivalent circuit using register "24bits_counter_d16777216:inst|10bits_counter_d1024:inst1|4bits_counter_d16:inst|2bits_counter_d4:inst1|ff_T:inst|ff_D:inst|inst~_emulated" and latch "24bits_counter_d16777216:inst|4bits_counter_d16:inst2|2bits_counter_d4:inst|ff_T:inst1|ff_D:inst|inst~1"
    Warning (13310): Register "24bits_counter_d16777216:inst|10bits_counter_d1024:inst|2bits_counter_d4:inst2|ff_T:inst1|ff_D:inst|inst" is converted into an equivalent circuit using register "24bits_counter_d16777216:inst|10bits_counter_d1024:inst|2bits_counter_d4:inst2|ff_T:inst1|ff_D:inst|inst~_emulated" and latch "24bits_counter_d16777216:inst|4bits_counter_d16:inst2|2bits_counter_d4:inst|ff_T:inst1|ff_D:inst|inst~1"
    Warning (13310): Register "24bits_counter_d16777216:inst|10bits_counter_d1024:inst|2bits_counter_d4:inst2|ff_T:inst|ff_D:inst|inst" is converted into an equivalent circuit using register "24bits_counter_d16777216:inst|10bits_counter_d1024:inst|2bits_counter_d4:inst2|ff_T:inst|ff_D:inst|inst~_emulated" and latch "24bits_counter_d16777216:inst|4bits_counter_d16:inst2|2bits_counter_d4:inst|ff_T:inst1|ff_D:inst|inst~1"
    Warning (13310): Register "24bits_counter_d16777216:inst|10bits_counter_d1024:inst|4bits_counter_d16:inst1|2bits_counter_d4:inst|ff_T:inst1|ff_D:inst|inst" is converted into an equivalent circuit using register "24bits_counter_d16777216:inst|10bits_counter_d1024:inst|4bits_counter_d16:inst1|2bits_counter_d4:inst|ff_T:inst1|ff_D:inst|inst~_emulated" and latch "24bits_counter_d16777216:inst|4bits_counter_d16:inst2|2bits_counter_d4:inst|ff_T:inst1|ff_D:inst|inst~1"
    Warning (13310): Register "24bits_counter_d16777216:inst|10bits_counter_d1024:inst|4bits_counter_d16:inst1|2bits_counter_d4:inst|ff_T:inst|ff_D:inst|inst" is converted into an equivalent circuit using register "24bits_counter_d16777216:inst|10bits_counter_d1024:inst|4bits_counter_d16:inst1|2bits_counter_d4:inst|ff_T:inst|ff_D:inst|inst~_emulated" and latch "24bits_counter_d16777216:inst|4bits_counter_d16:inst2|2bits_counter_d4:inst|ff_T:inst1|ff_D:inst|inst~1"
    Warning (13310): Register "24bits_counter_d16777216:inst|10bits_counter_d1024:inst|4bits_counter_d16:inst1|2bits_counter_d4:inst1|ff_T:inst1|ff_D:inst|inst" is converted into an equivalent circuit using register "24bits_counter_d16777216:inst|10bits_counter_d1024:inst|4bits_counter_d16:inst1|2bits_counter_d4:inst1|ff_T:inst1|ff_D:inst|inst~_emulated" and latch "24bits_counter_d16777216:inst|4bits_counter_d16:inst2|2bits_counter_d4:inst|ff_T:inst1|ff_D:inst|inst~1"
    Warning (13310): Register "24bits_counter_d16777216:inst|10bits_counter_d1024:inst|4bits_counter_d16:inst1|2bits_counter_d4:inst1|ff_T:inst|ff_D:inst|inst" is converted into an equivalent circuit using register "24bits_counter_d16777216:inst|10bits_counter_d1024:inst|4bits_counter_d16:inst1|2bits_counter_d4:inst1|ff_T:inst|ff_D:inst|inst~_emulated" and latch "24bits_counter_d16777216:inst|4bits_counter_d16:inst2|2bits_counter_d4:inst|ff_T:inst1|ff_D:inst|inst~1"
    Warning (13310): Register "24bits_counter_d16777216:inst|10bits_counter_d1024:inst|4bits_counter_d16:inst|2bits_counter_d4:inst|ff_T:inst1|ff_D:inst|inst" is converted into an equivalent circuit using register "24bits_counter_d16777216:inst|10bits_counter_d1024:inst|4bits_counter_d16:inst|2bits_counter_d4:inst|ff_T:inst1|ff_D:inst|inst~_emulated" and latch "24bits_counter_d16777216:inst|4bits_counter_d16:inst2|2bits_counter_d4:inst|ff_T:inst1|ff_D:inst|inst~1"
    Warning (13310): Register "24bits_counter_d16777216:inst|10bits_counter_d1024:inst|4bits_counter_d16:inst|2bits_counter_d4:inst|ff_T:inst|ff_D:inst|inst" is converted into an equivalent circuit using register "24bits_counter_d16777216:inst|10bits_counter_d1024:inst|4bits_counter_d16:inst|2bits_counter_d4:inst|ff_T:inst|ff_D:inst|inst~_emulated" and latch "24bits_counter_d16777216:inst|4bits_counter_d16:inst2|2bits_counter_d4:inst|ff_T:inst1|ff_D:inst|inst~1"
    Warning (13310): Register "24bits_counter_d16777216:inst|10bits_counter_d1024:inst|4bits_counter_d16:inst|2bits_counter_d4:inst1|ff_T:inst1|ff_D:inst|inst" is converted into an equivalent circuit using register "24bits_counter_d16777216:inst|10bits_counter_d1024:inst|4bits_counter_d16:inst|2bits_counter_d4:inst1|ff_T:inst1|ff_D:inst|inst~_emulated" and latch "24bits_counter_d16777216:inst|4bits_counter_d16:inst2|2bits_counter_d4:inst|ff_T:inst1|ff_D:inst|inst~1"
    Warning (13310): Register "24bits_counter_d16777216:inst|10bits_counter_d1024:inst|4bits_counter_d16:inst|2bits_counter_d4:inst1|ff_T:inst|ff_D:inst|inst" is converted into an equivalent circuit using register "24bits_counter_d16777216:inst|10bits_counter_d1024:inst|4bits_counter_d16:inst|2bits_counter_d4:inst1|ff_T:inst|ff_D:inst|inst~_emulated" and latch "24bits_counter_d16777216:inst|4bits_counter_d16:inst2|2bits_counter_d4:inst|ff_T:inst1|ff_D:inst|inst~1"
Info (286030): Timing-Driven Synthesis is running
Info (16010): Generating hard_block partition "hard_block:auto_generated_inst"
    Info (16011): Adding 0 node(s), including 0 DDIO, 0 PLL, 0 transceiver and 0 LCELL
Warning (21074): Design contains 4 input pin(s) that do not drive logic
    Warning (15610): No output dependent on input pin "sw[3]"
    Warning (15610): No output dependent on input pin "sw[2]"
    Warning (15610): No output dependent on input pin "sw[1]"
    Warning (15610): No output dependent on input pin "sw[0]"
Info (21057): Implemented 107 device resources after synthesis - the final resource count might be different
    Info (21058): Implemented 9 input pins
    Info (21059): Implemented 7 output pins
    Info (21061): Implemented 91 logic cells
Info: Quartus Prime Analysis & Synthesis was successful. 0 errors, 32 warnings
    Info: Peak virtual memory: 4889 megabytes
    Info: Processing ended: Tue May 27 17:49:57 2025
    Info: Elapsed time: 00:00:07
    Info: Total CPU time (on all processors): 00:00:13


