------------------------------------------------------------
Timing Analyzer Summary
------------------------------------------------------------

Type  : Slow 1100mV 85C Model Setup 'CLK'
Slack : 9.002
TNS   : 0.000

Type  : Slow 1100mV 85C Model Hold 'CLK'
Slack : 0.464
TNS   : 0.000

Type  : Slow 1100mV 85C Model Recovery 'CLK'
Slack : 12.143
TNS   : 0.000

Type  : Slow 1100mV 85C Model Removal 'CLK'
Slack : 1.357
TNS   : 0.000

Type  : Slow 1100mV 85C Model Minimum Pulse Width 'CLK'
Slack : 9.373
TNS   : 0.000

Type  : Slow 1100mV 0C Model Setup 'CLK'
Slack : 9.373
TNS   : 0.000

Type  : Slow 1100mV 0C Model Hold 'CLK'
Slack : 0.490
TNS   : 0.000

Type  : Slow 1100mV 0C Model Recovery 'CLK'
Slack : 12.773
TNS   : 0.000

Type  : Slow 1100mV 0C Model Removal 'CLK'
Slack : 4.528
TNS   : 0.000

Type  : Slow 1100mV 0C Model Minimum Pulse Width 'CLK'
Slack : 9.246
TNS   : 0.000

Type  : Fast 1100mV 85C Model Setup 'CLK'
Slack : 13.798
TNS   : 0.000

Type  : Fast 1100mV 85C Model Hold 'CLK'
Slack : 0.182
TNS   : 0.000

Type  : Fast 1100mV 85C Model Recovery 'CLK'
Slack : 15.764
TNS   : 0.000

Type  : Fast 1100mV 85C Model Removal 'CLK'
Slack : 2.247
TNS   : 0.000

Type  : Fast 1100mV 85C Model Minimum Pulse Width 'CLK'
Slack : 9.403
TNS   : 0.000

Type  : Fast 1100mV 0C Model Setup 'CLK'
Slack : 14.454
TNS   : 0.000

Type  : Fast 1100mV 0C Model Hold 'CLK'
Slack : 0.173
TNS   : 0.000

Type  : Fast 1100mV 0C Model Recovery 'CLK'
Slack : 16.045
TNS   : 0.000

Type  : Fast 1100mV 0C Model Removal 'CLK'
Slack : 0.484
TNS   : 0.000

Type  : Fast 1100mV 0C Model Minimum Pulse Width 'CLK'
Slack : 9.403
TNS   : 0.000

------------------------------------------------------------
