Analysis & Synthesis report for week16
Tue Jun 03 17:00:48 2025
Quartus Prime Version 20.1.0 Build 711 06/05/2020 SJ Lite Edition


---------------------
; Table of Contents ;
---------------------
  1. Legal Notice
  2. Analysis & Synthesis Summary
  3. Analysis & Synthesis Settings
  4. Parallel Compilation
  5. Analysis & Synthesis Source Files Read
  6. Analysis & Synthesis Resource Usage Summary
  7. Analysis & Synthesis Resource Utilization by Entity
  8. General Register Statistics
  9. Parameter Settings for User Entity Instance: 74161:inst9
 10. Parameter Settings for User Entity Instance: tf_clk_16_6:inst|74161:inst6
 11. Parameter Settings for User Entity Instance: tf_clk_16_6:inst|74161:inst5
 12. Parameter Settings for User Entity Instance: tf_clk_16_6:inst|74161:inst4
 13. Parameter Settings for User Entity Instance: tf_clk_16_6:inst|74161:inst3
 14. Parameter Settings for User Entity Instance: tf_clk_16_6:inst|74161:inst2
 15. Parameter Settings for User Entity Instance: tf_clk_16_6:inst|74161:inst
 16. Post-Synthesis Netlist Statistics for Top Partition
 17. Elapsed Time Per Partition
 18. Analysis & Synthesis Messages



----------------
; Legal Notice ;
----------------
Copyright (C) 2020  Intel Corporation. All rights reserved.
Your use of Intel Corporation's design tools, logic functions 
and other software and tools, and any partner logic 
functions, and any output files from any of the foregoing 
(including device programming or simulation files), and any 
associated documentation or information are expressly subject 
to the terms and conditions of the Intel Program License 
Subscription Agreement, the Intel Quartus Prime License Agreement,
the Intel FPGA IP License Agreement, or other applicable license
agreement, including, without limitation, that your use is for
the sole purpose of programming logic devices manufactured by
Intel and sold by Intel or its authorized distributors.  Please
refer to the applicable agreement for further details, at
https://fpgasoftware.intel.com/eula.



+-------------------------------------------------------------------------------+
; Analysis & Synthesis Summary                                                  ;
+---------------------------------+---------------------------------------------+
; Analysis & Synthesis Status     ; Successful - Tue Jun 03 17:00:48 2025       ;
; Quartus Prime Version           ; 20.1.0 Build 711 06/05/2020 SJ Lite Edition ;
; Revision Name                   ; week16                                      ;
; Top-level Entity Name           ; the_mainbdf                                 ;
; Family                          ; Cyclone V                                   ;
; Logic utilization (in ALMs)     ; N/A                                         ;
; Total registers                 ; 29                                          ;
; Total pins                      ; 12                                          ;
; Total virtual pins              ; 0                                           ;
; Total block memory bits         ; 0                                           ;
; Total DSP Blocks                ; 0                                           ;
; Total HSSI RX PCSs              ; 0                                           ;
; Total HSSI PMA RX Deserializers ; 0                                           ;
; Total HSSI TX PCSs              ; 0                                           ;
; Total HSSI PMA TX Serializers   ; 0                                           ;
; Total PLLs                      ; 0                                           ;
; Total DLLs                      ; 0                                           ;
+---------------------------------+---------------------------------------------+


+---------------------------------------------------------------------------------------------------------------------------+
; Analysis & Synthesis Settings                                                                                             ;
+---------------------------------------------------------------------------------+--------------------+--------------------+
; Option                                                                          ; Setting            ; Default Value      ;
+---------------------------------------------------------------------------------+--------------------+--------------------+
; Device                                                                          ; 5CEBA4F23C7        ;                    ;
; Top-level entity name                                                           ; the_mainbdf        ; week16             ;
; Family name                                                                     ; Cyclone V          ; Cyclone V          ;
; Use smart compilation                                                           ; Off                ; Off                ;
; Enable parallel Assembler and Timing Analyzer during compilation                ; On                 ; On                 ;
; Enable compact report table                                                     ; Off                ; Off                ;
; Restructure Multiplexers                                                        ; Auto               ; Auto               ;
; MLAB Add Timing Constraints For Mixed-Port Feed-Through Mode Setting Don't Care ; Off                ; Off                ;
; Create Debugging Nodes for IP Cores                                             ; Off                ; Off                ;
; Preserve fewer node names                                                       ; On                 ; On                 ;
; Intel FPGA IP Evaluation Mode                                                   ; Enable             ; Enable             ;
; Verilog Version                                                                 ; Verilog_2001       ; Verilog_2001       ;
; VHDL Version                                                                    ; VHDL_1993          ; VHDL_1993          ;
; State Machine Processing                                                        ; Auto               ; Auto               ;
; Safe State Machine                                                              ; Off                ; Off                ;
; Extract Verilog State Machines                                                  ; On                 ; On                 ;
; Extract VHDL State Machines                                                     ; On                 ; On                 ;
; Ignore Verilog initial constructs                                               ; Off                ; Off                ;
; Iteration limit for constant Verilog loops                                      ; 5000               ; 5000               ;
; Iteration limit for non-constant Verilog loops                                  ; 250                ; 250                ;
; Add Pass-Through Logic to Inferred RAMs                                         ; On                 ; On                 ;
; Infer RAMs from Raw Logic                                                       ; On                 ; On                 ;
; Parallel Synthesis                                                              ; On                 ; On                 ;
; DSP Block Balancing                                                             ; Auto               ; Auto               ;
; NOT Gate Push-Back                                                              ; On                 ; On                 ;
; Power-Up Don't Care                                                             ; On                 ; On                 ;
; Remove Redundant Logic Cells                                                    ; Off                ; Off                ;
; Remove Duplicate Registers                                                      ; On                 ; On                 ;
; Ignore CARRY Buffers                                                            ; Off                ; Off                ;
; Ignore CASCADE Buffers                                                          ; Off                ; Off                ;
; Ignore GLOBAL Buffers                                                           ; Off                ; Off                ;
; Ignore ROW GLOBAL Buffers                                                       ; Off                ; Off                ;
; Ignore LCELL Buffers                                                            ; Off                ; Off                ;
; Ignore SOFT Buffers                                                             ; On                 ; On                 ;
; Limit AHDL Integers to 32 Bits                                                  ; Off                ; Off                ;
; Optimization Technique                                                          ; Balanced           ; Balanced           ;
; Carry Chain Length                                                              ; 70                 ; 70                 ;
; Auto Carry Chains                                                               ; On                 ; On                 ;
; Auto Open-Drain Pins                                                            ; On                 ; On                 ;
; Perform WYSIWYG Primitive Resynthesis                                           ; Off                ; Off                ;
; Auto ROM Replacement                                                            ; On                 ; On                 ;
; Auto RAM Replacement                                                            ; On                 ; On                 ;
; Auto DSP Block Replacement                                                      ; On                 ; On                 ;
; Auto Shift Register Replacement                                                 ; Auto               ; Auto               ;
; Allow Shift Register Merging across Hierarchies                                 ; Auto               ; Auto               ;
; Auto Clock Enable Replacement                                                   ; On                 ; On                 ;
; Strict RAM Replacement                                                          ; Off                ; Off                ;
; Allow Synchronous Control Signals                                               ; On                 ; On                 ;
; Force Use of Synchronous Clear Signals                                          ; Off                ; Off                ;
; Auto Resource Sharing                                                           ; Off                ; Off                ;
; Allow Any RAM Size For Recognition                                              ; Off                ; Off                ;
; Allow Any ROM Size For Recognition                                              ; Off                ; Off                ;
; Allow Any Shift Register Size For Recognition                                   ; Off                ; Off                ;
; Use LogicLock Constraints during Resource Balancing                             ; On                 ; On                 ;
; Ignore translate_off and synthesis_off directives                               ; Off                ; Off                ;
; Timing-Driven Synthesis                                                         ; On                 ; On                 ;
; Report Parameter Settings                                                       ; On                 ; On                 ;
; Report Source Assignments                                                       ; On                 ; On                 ;
; Report Connectivity Checks                                                      ; On                 ; On                 ;
; Ignore Maximum Fan-Out Assignments                                              ; Off                ; Off                ;
; Synchronization Register Chain Length                                           ; 3                  ; 3                  ;
; Power Optimization During Synthesis                                             ; Normal compilation ; Normal compilation ;
; HDL message level                                                               ; Level2             ; Level2             ;
; Suppress Register Optimization Related Messages                                 ; Off                ; Off                ;
; Number of Removed Registers Reported in Synthesis Report                        ; 5000               ; 5000               ;
; Number of Swept Nodes Reported in Synthesis Report                              ; 5000               ; 5000               ;
; Number of Inverted Registers Reported in Synthesis Report                       ; 100                ; 100                ;
; Clock MUX Protection                                                            ; On                 ; On                 ;
; Auto Gated Clock Conversion                                                     ; Off                ; Off                ;
; Block Design Naming                                                             ; Auto               ; Auto               ;
; SDC constraint protection                                                       ; Off                ; Off                ;
; Synthesis Effort                                                                ; Auto               ; Auto               ;
; Shift Register Replacement - Allow Asynchronous Clear Signal                    ; On                 ; On                 ;
; Pre-Mapping Resynthesis Optimization                                            ; Off                ; Off                ;
; Analysis & Synthesis Message Level                                              ; Medium             ; Medium             ;
; Disable Register Merging Across Hierarchies                                     ; Auto               ; Auto               ;
; Resource Aware Inference For Block RAM                                          ; On                 ; On                 ;
; Automatic Parallel Synthesis                                                    ; On                 ; On                 ;
; Partial Reconfiguration Bitstream ID                                            ; Off                ; Off                ;
+---------------------------------------------------------------------------------+--------------------+--------------------+


+------------------------------------------+
; Parallel Compilation                     ;
+----------------------------+-------------+
; Processors                 ; Number      ;
+----------------------------+-------------+
; Number detected on machine ; 12          ;
; Maximum allowed            ; 12          ;
;                            ;             ;
; Average used               ; 1.00        ;
; Maximum used               ; 12          ;
;                            ;             ;
; Usage by Processor         ; % Time Used ;
;     Processor 1            ; 100.0%      ;
;     Processors 2-12        ;   0.0%      ;
+----------------------------+-------------+


+-----------------------------------------------------------------------------------------------------------------------------------------------------------------------+
; Analysis & Synthesis Source Files Read                                                                                                                                ;
+----------------------------------+-----------------+------------------------------------+-------------------------------------------------------------------+---------+
; File Name with User-Entered Path ; Used in Netlist ; File Type                          ; File Name with Absolute Path                                      ; Library ;
+----------------------------------+-----------------+------------------------------------+-------------------------------------------------------------------+---------+
; data_3bits_register.bdf          ; yes             ; User Block Diagram/Schematic File  ; C:/Users/user/Desktop/TEMP/week16/data_3bits_register.bdf         ;         ;
; fsm_logic_3bits.bdf              ; yes             ; User Block Diagram/Schematic File  ; C:/Users/user/Desktop/TEMP/week16/fsm_logic_3bits.bdf             ;         ;
; state_3bits_ctler.bdf            ; yes             ; User Block Diagram/Schematic File  ; C:/Users/user/Desktop/TEMP/week16/state_3bits_ctler.bdf           ;         ;
; data_replacer_4bits.bdf          ; yes             ; User Block Diagram/Schematic File  ; C:/Users/user/Desktop/TEMP/week16/data_replacer_4bits.bdf         ;         ;
; data_state_picker_3b_4bitso.bdf  ; yes             ; User Block Diagram/Schematic File  ; C:/Users/user/Desktop/TEMP/week16/data_state_picker_3b_4bitso.bdf ;         ;
; fsm_main.bdf                     ; yes             ; User Block Diagram/Schematic File  ; C:/Users/user/Desktop/TEMP/week16/fsm_main.bdf                    ;         ;
; the_mainbdf.bdf                  ; yes             ; User Block Diagram/Schematic File  ; C:/Users/user/Desktop/TEMP/week16/the_mainbdf.bdf                 ;         ;
; tf_clk_16_6.bdf                  ; yes             ; User Block Diagram/Schematic File  ; C:/Users/user/Desktop/TEMP/week16/tf_clk_16_6.bdf                 ;         ;
; 74161.tdf                        ; yes             ; Megafunction                       ; c:/intelfpga/20.1/quartus/libraries/others/maxplus2/74161.tdf     ;         ;
; aglobal.inc                      ; yes             ; Megafunction                       ; c:/intelfpga/20.1/quartus/libraries/megafunctions/aglobal.inc     ;         ;
; f74161.bdf                       ; yes             ; Megafunction                       ; c:/intelfpga/20.1/quartus/libraries/others/maxplus2/f74161.bdf    ;         ;
; 7447.bdf                         ; yes             ; Megafunction                       ; c:/intelfpga/20.1/quartus/libraries/others/maxplus2/7447.bdf      ;         ;
; 74181.bdf                        ; yes             ; Megafunction                       ; c:/intelfpga/20.1/quartus/libraries/others/maxplus2/74181.bdf     ;         ;
; 74138.bdf                        ; yes             ; Megafunction                       ; c:/intelfpga/20.1/quartus/libraries/others/maxplus2/74138.bdf     ;         ;
+----------------------------------+-----------------+------------------------------------+-------------------------------------------------------------------+---------+


+----------------------------------------------------------------------------------------------------------------------+
; Analysis & Synthesis Resource Usage Summary                                                                          ;
+---------------------------------------------+------------------------------------------------------------------------+
; Resource                                    ; Usage                                                                  ;
+---------------------------------------------+------------------------------------------------------------------------+
; Estimate of Logic utilization (ALMs needed) ; 22                                                                     ;
;                                             ;                                                                        ;
; Combinational ALUT usage for logic          ; 44                                                                     ;
;     -- 7 input functions                    ; 0                                                                      ;
;     -- 6 input functions                    ; 0                                                                      ;
;     -- 5 input functions                    ; 0                                                                      ;
;     -- 4 input functions                    ; 18                                                                     ;
;     -- <=3 input functions                  ; 26                                                                     ;
;                                             ;                                                                        ;
; Dedicated logic registers                   ; 29                                                                     ;
;                                             ;                                                                        ;
; I/O pins                                    ; 12                                                                     ;
;                                             ;                                                                        ;
; Total DSP Blocks                            ; 0                                                                      ;
;                                             ;                                                                        ;
; Maximum fan-out node                        ; fsm_main:inst1|state_3bits_ctler:inst1|data_3bits_register:inst|inst~1 ;
; Maximum fan-out                             ; 7                                                                      ;
; Total fan-out                               ; 205                                                                    ;
; Average fan-out                             ; 2.11                                                                   ;
+---------------------------------------------+------------------------------------------------------------------------+


+-------------------------------------------------------------------------------------------------------------------------------------------------------------------------------------------------------------------------------------------------------------------------------+
; Analysis & Synthesis Resource Utilization by Entity                                                                                                                                                                                                                           ;
+------------------------------------------+---------------------+---------------------------+-------------------+------------+------+--------------+------------------------------------------------------------------------------+-----------------------------+--------------+
; Compilation Hierarchy Node               ; Combinational ALUTs ; Dedicated Logic Registers ; Block Memory Bits ; DSP Blocks ; Pins ; Virtual Pins ; Full Hierarchy Name                                                          ; Entity Name                 ; Library Name ;
+------------------------------------------+---------------------+---------------------------+-------------------+------------+------+--------------+------------------------------------------------------------------------------+-----------------------------+--------------+
; |the_mainbdf                             ; 44 (0)              ; 29 (0)                    ; 0                 ; 0          ; 12   ; 0            ; |the_mainbdf                                                                 ; the_mainbdf                 ; work         ;
;    |74161:inst9|                         ; 2 (0)               ; 2 (0)                     ; 0                 ; 0          ; 0    ; 0            ; |the_mainbdf|74161:inst9                                                     ; 74161                       ; work         ;
;       |f74161:sub|                       ; 2 (2)               ; 2 (2)                     ; 0                 ; 0          ; 0    ; 0            ; |the_mainbdf|74161:inst9|f74161:sub                                          ; f74161                      ; work         ;
;    |fsm_main:inst1|                      ; 12 (0)              ; 3 (0)                     ; 0                 ; 0          ; 0    ; 0            ; |the_mainbdf|fsm_main:inst1                                                  ; fsm_main                    ; work         ;
;       |7447:inst2|                       ; 2 (2)               ; 0 (0)                     ; 0                 ; 0          ; 0    ; 0            ; |the_mainbdf|fsm_main:inst1|7447:inst2                                       ; 7447                        ; work         ;
;       |data_state_picker_3b_4bitso:inst| ; 1 (0)               ; 0 (0)                     ; 0                 ; 0          ; 0    ; 0            ; |the_mainbdf|fsm_main:inst1|data_state_picker_3b_4bitso:inst                 ; data_state_picker_3b_4bitso ; work         ;
;          |74138:inst3|                   ; 1 (1)               ; 0 (0)                     ; 0                 ; 0          ; 0    ; 0            ; |the_mainbdf|fsm_main:inst1|data_state_picker_3b_4bitso:inst|74138:inst3     ; 74138                       ; work         ;
;       |state_3bits_ctler:inst1|          ; 9 (0)               ; 3 (0)                     ; 0                 ; 0          ; 0    ; 0            ; |the_mainbdf|fsm_main:inst1|state_3bits_ctler:inst1                          ; state_3bits_ctler           ; work         ;
;          |data_3bits_register:inst|      ; 9 (9)               ; 3 (3)                     ; 0                 ; 0          ; 0    ; 0            ; |the_mainbdf|fsm_main:inst1|state_3bits_ctler:inst1|data_3bits_register:inst ; data_3bits_register         ; work         ;
;    |tf_clk_16_6:inst|                    ; 30 (0)              ; 24 (0)                    ; 0                 ; 0          ; 0    ; 0            ; |the_mainbdf|tf_clk_16_6:inst                                                ; tf_clk_16_6                 ; work         ;
;       |74161:inst2|                      ; 5 (0)               ; 4 (0)                     ; 0                 ; 0          ; 0    ; 0            ; |the_mainbdf|tf_clk_16_6:inst|74161:inst2                                    ; 74161                       ; work         ;
;          |f74161:sub|                    ; 5 (5)               ; 4 (4)                     ; 0                 ; 0          ; 0    ; 0            ; |the_mainbdf|tf_clk_16_6:inst|74161:inst2|f74161:sub                         ; f74161                      ; work         ;
;       |74161:inst3|                      ; 5 (0)               ; 4 (0)                     ; 0                 ; 0          ; 0    ; 0            ; |the_mainbdf|tf_clk_16_6:inst|74161:inst3                                    ; 74161                       ; work         ;
;          |f74161:sub|                    ; 5 (5)               ; 4 (4)                     ; 0                 ; 0          ; 0    ; 0            ; |the_mainbdf|tf_clk_16_6:inst|74161:inst3|f74161:sub                         ; f74161                      ; work         ;
;       |74161:inst4|                      ; 5 (0)               ; 4 (0)                     ; 0                 ; 0          ; 0    ; 0            ; |the_mainbdf|tf_clk_16_6:inst|74161:inst4                                    ; 74161                       ; work         ;
;          |f74161:sub|                    ; 5 (5)               ; 4 (4)                     ; 0                 ; 0          ; 0    ; 0            ; |the_mainbdf|tf_clk_16_6:inst|74161:inst4|f74161:sub                         ; f74161                      ; work         ;
;       |74161:inst5|                      ; 5 (0)               ; 4 (0)                     ; 0                 ; 0          ; 0    ; 0            ; |the_mainbdf|tf_clk_16_6:inst|74161:inst5                                    ; 74161                       ; work         ;
;          |f74161:sub|                    ; 5 (5)               ; 4 (4)                     ; 0                 ; 0          ; 0    ; 0            ; |the_mainbdf|tf_clk_16_6:inst|74161:inst5|f74161:sub                         ; f74161                      ; work         ;
;       |74161:inst6|                      ; 5 (0)               ; 4 (0)                     ; 0                 ; 0          ; 0    ; 0            ; |the_mainbdf|tf_clk_16_6:inst|74161:inst6                                    ; 74161                       ; work         ;
;          |f74161:sub|                    ; 5 (5)               ; 4 (4)                     ; 0                 ; 0          ; 0    ; 0            ; |the_mainbdf|tf_clk_16_6:inst|74161:inst6|f74161:sub                         ; f74161                      ; work         ;
;       |74161:inst|                       ; 5 (0)               ; 4 (0)                     ; 0                 ; 0          ; 0    ; 0            ; |the_mainbdf|tf_clk_16_6:inst|74161:inst                                     ; 74161                       ; work         ;
;          |f74161:sub|                    ; 5 (5)               ; 4 (4)                     ; 0                 ; 0          ; 0    ; 0            ; |the_mainbdf|tf_clk_16_6:inst|74161:inst|f74161:sub                          ; f74161                      ; work         ;
+------------------------------------------+---------------------+---------------------------+-------------------+------------+------+--------------+------------------------------------------------------------------------------+-----------------------------+--------------+
Note: For table entries with two numbers listed, the numbers in parentheses indicate the number of resources of the given type used by the specific entity alone. The numbers listed outside of parentheses indicate the total resources of the given type used by the specific entity and all of its sub-entities in the hierarchy.


+------------------------------------------------------+
; General Register Statistics                          ;
+----------------------------------------------+-------+
; Statistic                                    ; Value ;
+----------------------------------------------+-------+
; Total registers                              ; 29    ;
; Number of registers using Synchronous Clear  ; 0     ;
; Number of registers using Synchronous Load   ; 0     ;
; Number of registers using Asynchronous Clear ; 3     ;
; Number of registers using Asynchronous Load  ; 0     ;
; Number of registers using Clock Enable       ; 0     ;
; Number of registers using Preset             ; 0     ;
+----------------------------------------------+-------+


+----------------------------------------------------------+
; Parameter Settings for User Entity Instance: 74161:inst9 ;
+------------------------+-----------+---------------------+
; Parameter Name         ; Value     ; Type                ;
+------------------------+-----------+---------------------+
; DEVICE_FAMILY          ; Cyclone V ; Untyped             ;
; AUTO_CARRY_CHAINS      ; ON        ; AUTO_CARRY          ;
; IGNORE_CARRY_BUFFERS   ; OFF       ; IGNORE_CARRY        ;
; AUTO_CASCADE_CHAINS    ; ON        ; AUTO_CASCADE        ;
; IGNORE_CASCADE_BUFFERS ; OFF       ; IGNORE_CASCADE      ;
+------------------------+-----------+---------------------+
Note: In order to hide this table in the UI and the text report file, please set the "Show Parameter Settings in Synthesis Report" option in "Analysis and Synthesis Settings -> More Settings" to "Off".


+---------------------------------------------------------------------------+
; Parameter Settings for User Entity Instance: tf_clk_16_6:inst|74161:inst6 ;
+------------------------+-----------+--------------------------------------+
; Parameter Name         ; Value     ; Type                                 ;
+------------------------+-----------+--------------------------------------+
; DEVICE_FAMILY          ; Cyclone V ; Untyped                              ;
; AUTO_CARRY_CHAINS      ; ON        ; AUTO_CARRY                           ;
; IGNORE_CARRY_BUFFERS   ; OFF       ; IGNORE_CARRY                         ;
; AUTO_CASCADE_CHAINS    ; ON        ; AUTO_CASCADE                         ;
; IGNORE_CASCADE_BUFFERS ; OFF       ; IGNORE_CASCADE                       ;
+------------------------+-----------+--------------------------------------+
Note: In order to hide this table in the UI and the text report file, please set the "Show Parameter Settings in Synthesis Report" option in "Analysis and Synthesis Settings -> More Settings" to "Off".


+---------------------------------------------------------------------------+
; Parameter Settings for User Entity Instance: tf_clk_16_6:inst|74161:inst5 ;
+------------------------+-----------+--------------------------------------+
; Parameter Name         ; Value     ; Type                                 ;
+------------------------+-----------+--------------------------------------+
; DEVICE_FAMILY          ; Cyclone V ; Untyped                              ;
; AUTO_CARRY_CHAINS      ; ON        ; AUTO_CARRY                           ;
; IGNORE_CARRY_BUFFERS   ; OFF       ; IGNORE_CARRY                         ;
; AUTO_CASCADE_CHAINS    ; ON        ; AUTO_CASCADE                         ;
; IGNORE_CASCADE_BUFFERS ; OFF       ; IGNORE_CASCADE                       ;
+------------------------+-----------+--------------------------------------+
Note: In order to hide this table in the UI and the text report file, please set the "Show Parameter Settings in Synthesis Report" option in "Analysis and Synthesis Settings -> More Settings" to "Off".


+---------------------------------------------------------------------------+
; Parameter Settings for User Entity Instance: tf_clk_16_6:inst|74161:inst4 ;
+------------------------+-----------+--------------------------------------+
; Parameter Name         ; Value     ; Type                                 ;
+------------------------+-----------+--------------------------------------+
; DEVICE_FAMILY          ; Cyclone V ; Untyped                              ;
; AUTO_CARRY_CHAINS      ; ON        ; AUTO_CARRY                           ;
; IGNORE_CARRY_BUFFERS   ; OFF       ; IGNORE_CARRY                         ;
; AUTO_CASCADE_CHAINS    ; ON        ; AUTO_CASCADE                         ;
; IGNORE_CASCADE_BUFFERS ; OFF       ; IGNORE_CASCADE                       ;
+------------------------+-----------+--------------------------------------+
Note: In order to hide this table in the UI and the text report file, please set the "Show Parameter Settings in Synthesis Report" option in "Analysis and Synthesis Settings -> More Settings" to "Off".


+---------------------------------------------------------------------------+
; Parameter Settings for User Entity Instance: tf_clk_16_6:inst|74161:inst3 ;
+------------------------+-----------+--------------------------------------+
; Parameter Name         ; Value     ; Type                                 ;
+------------------------+-----------+--------------------------------------+
; DEVICE_FAMILY          ; Cyclone V ; Untyped                              ;
; AUTO_CARRY_CHAINS      ; ON        ; AUTO_CARRY                           ;
; IGNORE_CARRY_BUFFERS   ; OFF       ; IGNORE_CARRY                         ;
; AUTO_CASCADE_CHAINS    ; ON        ; AUTO_CASCADE                         ;
; IGNORE_CASCADE_BUFFERS ; OFF       ; IGNORE_CASCADE                       ;
+------------------------+-----------+--------------------------------------+
Note: In order to hide this table in the UI and the text report file, please set the "Show Parameter Settings in Synthesis Report" option in "Analysis and Synthesis Settings -> More Settings" to "Off".


+---------------------------------------------------------------------------+
; Parameter Settings for User Entity Instance: tf_clk_16_6:inst|74161:inst2 ;
+------------------------+-----------+--------------------------------------+
; Parameter Name         ; Value     ; Type                                 ;
+------------------------+-----------+--------------------------------------+
; DEVICE_FAMILY          ; Cyclone V ; Untyped                              ;
; AUTO_CARRY_CHAINS      ; ON        ; AUTO_CARRY                           ;
; IGNORE_CARRY_BUFFERS   ; OFF       ; IGNORE_CARRY                         ;
; AUTO_CASCADE_CHAINS    ; ON        ; AUTO_CASCADE                         ;
; IGNORE_CASCADE_BUFFERS ; OFF       ; IGNORE_CASCADE                       ;
+------------------------+-----------+--------------------------------------+
Note: In order to hide this table in the UI and the text report file, please set the "Show Parameter Settings in Synthesis Report" option in "Analysis and Synthesis Settings -> More Settings" to "Off".


+--------------------------------------------------------------------------+
; Parameter Settings for User Entity Instance: tf_clk_16_6:inst|74161:inst ;
+------------------------+-----------+-------------------------------------+
; Parameter Name         ; Value     ; Type                                ;
+------------------------+-----------+-------------------------------------+
; DEVICE_FAMILY          ; Cyclone V ; Untyped                             ;
; AUTO_CARRY_CHAINS      ; ON        ; AUTO_CARRY                          ;
; IGNORE_CARRY_BUFFERS   ; OFF       ; IGNORE_CARRY                        ;
; AUTO_CASCADE_CHAINS    ; ON        ; AUTO_CASCADE                        ;
; IGNORE_CASCADE_BUFFERS ; OFF       ; IGNORE_CASCADE                      ;
+------------------------+-----------+-------------------------------------+
Note: In order to hide this table in the UI and the text report file, please set the "Show Parameter Settings in Synthesis Report" option in "Analysis and Synthesis Settings -> More Settings" to "Off".


+-----------------------------------------------------+
; Post-Synthesis Netlist Statistics for Top Partition ;
+-----------------------+-----------------------------+
; Type                  ; Count                       ;
+-----------------------+-----------------------------+
; arriav_ff             ; 29                          ;
;     CLR               ; 3                           ;
;     plain             ; 26                          ;
; arriav_lcell_comb     ; 46                          ;
;     normal            ; 46                          ;
;         0 data inputs ; 1                           ;
;         1 data inputs ; 8                           ;
;         2 data inputs ; 10                          ;
;         3 data inputs ; 9                           ;
;         4 data inputs ; 18                          ;
; boundary_port         ; 12                          ;
;                       ;                             ;
; Max LUT depth         ; 3.00                        ;
; Average LUT depth     ; 1.41                        ;
+-----------------------+-----------------------------+


+-------------------------------+
; Elapsed Time Per Partition    ;
+----------------+--------------+
; Partition Name ; Elapsed Time ;
+----------------+--------------+
; Top            ; 00:00:00     ;
+----------------+--------------+


+-------------------------------+
; Analysis & Synthesis Messages ;
+-------------------------------+
Info: *******************************************************************
Info: Running Quartus Prime Analysis & Synthesis
    Info: Version 20.1.0 Build 711 06/05/2020 SJ Lite Edition
    Info: Processing started: Tue Jun 03 17:00:42 2025
Info: Command: quartus_map --read_settings_files=on --write_settings_files=off week16 -c week16
Warning (18236): Number of processors has not been specified which may cause overloading on shared machines.  Set the global assignment NUM_PARALLEL_PROCESSORS in your QSF to an appropriate value for best performance.
Info (20030): Parallel compilation is enabled and will use 12 of the 12 processors detected
Info (12021): Found 1 design units, including 1 entities, in source file td2.bdf
    Info (12023): Found entity 1: td2
Info (12021): Found 1 design units, including 1 entities, in source file data_3bits_register.bdf
    Info (12023): Found entity 1: data_3bits_register
Info (12021): Found 1 design units, including 1 entities, in source file fsm_logic_3bits.bdf
    Info (12023): Found entity 1: fsm_logic_3bits
Info (12021): Found 1 design units, including 1 entities, in source file state_3bits_ctler.bdf
    Info (12023): Found entity 1: state_3bits_ctler
Info (12021): Found 1 design units, including 1 entities, in source file test01.bdf
    Info (12023): Found entity 1: test01
Info (12021): Found 1 design units, including 1 entities, in source file data_replacer_4bits.bdf
    Info (12023): Found entity 1: data_replacer_4bits
Info (12021): Found 1 design units, including 1 entities, in source file data_state_picker_3b_4bitso.bdf
    Info (12023): Found entity 1: data_state_picker_3b_4bitso
Info (12021): Found 1 design units, including 1 entities, in source file fsm_main.bdf
    Info (12023): Found entity 1: fsm_main
Info (12021): Found 1 design units, including 1 entities, in source file test02.bdf
    Info (12023): Found entity 1: test02
Info (12021): Found 1 design units, including 1 entities, in source file td16.bdf
    Info (12023): Found entity 1: td16
Info (12021): Found 1 design units, including 1 entities, in source file td16777216.bdf
    Info (12023): Found entity 1: td16777216
Info (12021): Found 1 design units, including 1 entities, in source file the_mainbdf.bdf
    Info (12023): Found entity 1: the_mainbdf
Info (12021): Found 1 design units, including 1 entities, in source file tf_clk_16_6.bdf
    Info (12023): Found entity 1: tf_clk_16_6
Info (12127): Elaborating entity "the_mainbdf" for the top level hierarchy
Info (12128): Elaborating entity "74161" for hierarchy "74161:inst9"
Info (12130): Elaborated megafunction instantiation "74161:inst9"
Info (12128): Elaborating entity "f74161" for hierarchy "74161:inst9|f74161:sub" File: c:/intelfpga/20.1/quartus/libraries/others/maxplus2/74161.tdf Line: 33
Info (12131): Elaborated megafunction instantiation "74161:inst9|f74161:sub", which is child of megafunction instantiation "74161:inst9" File: c:/intelfpga/20.1/quartus/libraries/others/maxplus2/74161.tdf Line: 33
Info (12128): Elaborating entity "tf_clk_16_6" for hierarchy "tf_clk_16_6:inst"
Info (12128): Elaborating entity "74161" for hierarchy "tf_clk_16_6:inst|74161:inst6"
Info (12130): Elaborated megafunction instantiation "tf_clk_16_6:inst|74161:inst6"
Info (12128): Elaborating entity "fsm_main" for hierarchy "fsm_main:inst1"
Info (12128): Elaborating entity "7447" for hierarchy "fsm_main:inst1|7447:inst2"
Info (12130): Elaborated megafunction instantiation "fsm_main:inst1|7447:inst2"
Info (12128): Elaborating entity "data_state_picker_3b_4bitso" for hierarchy "fsm_main:inst1|data_state_picker_3b_4bitso:inst"
Info (12128): Elaborating entity "data_replacer_4bits" for hierarchy "fsm_main:inst1|data_state_picker_3b_4bitso:inst|data_replacer_4bits:inst1"
Info (12128): Elaborating entity "74181" for hierarchy "fsm_main:inst1|data_state_picker_3b_4bitso:inst|data_replacer_4bits:inst1|74181:inst"
Info (12130): Elaborated megafunction instantiation "fsm_main:inst1|data_state_picker_3b_4bitso:inst|data_replacer_4bits:inst1|74181:inst"
Info (12128): Elaborating entity "74138" for hierarchy "fsm_main:inst1|data_state_picker_3b_4bitso:inst|74138:inst3"
Info (12130): Elaborated megafunction instantiation "fsm_main:inst1|data_state_picker_3b_4bitso:inst|74138:inst3"
Info (12128): Elaborating entity "state_3bits_ctler" for hierarchy "fsm_main:inst1|state_3bits_ctler:inst1"
Info (12128): Elaborating entity "data_3bits_register" for hierarchy "fsm_main:inst1|state_3bits_ctler:inst1|data_3bits_register:inst"
Info (12128): Elaborating entity "fsm_logic_3bits" for hierarchy "fsm_main:inst1|state_3bits_ctler:inst1|fsm_logic_3bits:inst4"
Info (13014): Ignored 40 buffer(s)
    Info (13015): Ignored 25 CARRY buffer(s)
    Info (13019): Ignored 15 SOFT buffer(s)
Warning (13004): Presettable and clearable registers converted to equivalent circuits with latches. Registers power-up to an undefined state, and DEVCLRn places the registers in an undefined state.
    Warning (13310): Register "fsm_main:inst1|state_3bits_ctler:inst1|data_3bits_register:inst|inst" is converted into an equivalent circuit using register "fsm_main:inst1|state_3bits_ctler:inst1|data_3bits_register:inst|inst~_emulated" and latch "fsm_main:inst1|state_3bits_ctler:inst1|data_3bits_register:inst|inst~1"
    Warning (13310): Register "fsm_main:inst1|state_3bits_ctler:inst1|data_3bits_register:inst|inst1" is converted into an equivalent circuit using register "fsm_main:inst1|state_3bits_ctler:inst1|data_3bits_register:inst|inst1~_emulated" and latch "fsm_main:inst1|state_3bits_ctler:inst1|data_3bits_register:inst|inst~1"
    Warning (13310): Register "fsm_main:inst1|state_3bits_ctler:inst1|data_3bits_register:inst|inst2" is converted into an equivalent circuit using register "fsm_main:inst1|state_3bits_ctler:inst1|data_3bits_register:inst|inst2~_emulated" and latch "fsm_main:inst1|state_3bits_ctler:inst1|data_3bits_register:inst|inst~1"
Warning (13024): Output pins are stuck at VCC or GND
    Warning (13410): Pin "y[5]" is stuck at VCC
    Warning (13410): Pin "y[4]" is stuck at VCC
Info (286030): Timing-Driven Synthesis is running
Info (16010): Generating hard_block partition "hard_block:auto_generated_inst"
    Info (16011): Adding 0 node(s), including 0 DDIO, 0 PLL, 0 transceiver and 0 LCELL
Info (21057): Implemented 56 device resources after synthesis - the final resource count might be different
    Info (21058): Implemented 4 input pins
    Info (21059): Implemented 8 output pins
    Info (21061): Implemented 44 logic cells
Info: Quartus Prime Analysis & Synthesis was successful. 0 errors, 8 warnings
    Info: Peak virtual memory: 4862 megabytes
    Info: Processing ended: Tue Jun 03 17:00:48 2025
    Info: Elapsed time: 00:00:06
    Info: Total CPU time (on all processors): 00:00:13


